May 24 00:41:02 Shepherd kernel: [ 9139.282098] traps: a.out[14349] general protection ip:5584d5393190 sp:7ffcdd3a3860 error:0 in a.out[5584d5393000+1000]
May 24 00:41:39 Shepherd kernel: [ 9176.531050] traps: a.out[15002] general protection ip:561b8e5fb190 sp:7ffc14eede80 error:0 in a.out[561b8e5fb000+1000]
May 24 00:42:02 Shepherd kernel: [ 9199.203540] traps: a.out[15672] general protection ip:556f30939190 sp:7ffc1c0be1b0 error:0 in a.out[556f30939000+1000]
May 24 00:42:26 Shepherd kernel: [ 9223.905504] traps: a.out[16233] general protection ip:55d89cd6f190 sp:7ffd1394faf0 error:0 in a.out[55d89cd6f000+1000]
May 24 00:44:42 Shepherd kernel: [ 9359.961686] traps: a.out[19401] general protection ip:55de62a8b190 sp:7ffc191ad560 error:0 in a.out[55de62a8b000+1000]
May 24 00:56:39 Shepherd kernel: [10076.652745] acer_wmi: Unknown function number - 8 - 0
May 24 01:15:02 Shepherd kernel: [11179.744372] xfce4-power-man[1105]: segfault at 2 ip 0000000000000002 sp 00007fffeb6016f8 error 14 in xfce4-power-manager[562a6b254000+34000]
May 24 01:15:02 Shepherd kernel: [11179.744380] Code: Bad RIP value.
May 24 12:15:40 Shepherd kernel: [    0.000000] Linux version 4.19.0-9-amd64 (debian-kernel@lists.debian.org) (gcc version 8.3.0 (Debian 8.3.0-6)) #1 SMP Debian 4.19.118-2 (2020-04-29)
May 24 12:15:40 Shepherd kernel: [    0.000000] Command line: BOOT_IMAGE=/boot/vmlinuz-4.19.0-9-amd64 root=UUID=373fafda-db57-4e89-b1f5-11382893ecf9 ro quiet
May 24 12:15:40 Shepherd kernel: [    0.000000] x86/fpu: Supporting XSAVE feature 0x001: 'x87 floating point registers'
May 24 12:15:40 Shepherd kernel: [    0.000000] x86/fpu: Supporting XSAVE feature 0x002: 'SSE registers'
May 24 12:15:40 Shepherd kernel: [    0.000000] x86/fpu: Supporting XSAVE feature 0x008: 'MPX bounds registers'
May 24 12:15:40 Shepherd kernel: [    0.000000] x86/fpu: Supporting XSAVE feature 0x010: 'MPX CSR'
May 24 12:15:40 Shepherd kernel: [    0.000000] x86/fpu: xstate_offset[3]:  576, xstate_sizes[3]:   64
May 24 12:15:40 Shepherd kernel: [    0.000000] x86/fpu: xstate_offset[4]:  640, xstate_sizes[4]:   64
May 24 12:15:40 Shepherd kernel: [    0.000000] x86/fpu: Enabled xstate features 0x1b, context size is 704 bytes, using 'compacted' format.
May 24 12:15:40 Shepherd kernel: [    0.000000] BIOS-provided physical RAM map:
May 24 12:15:40 Shepherd kernel: [    0.000000] BIOS-e820: [mem 0x0000000000000000-0x0000000000057fff] usable
May 24 12:15:40 Shepherd kernel: [    0.000000] BIOS-e820: [mem 0x0000000000058000-0x0000000000058fff] reserved
May 24 12:15:40 Shepherd kernel: [    0.000000] BIOS-e820: [mem 0x0000000000059000-0x000000000009dfff] usable
May 24 12:15:40 Shepherd kernel: [    0.000000] BIOS-e820: [mem 0x000000000009e000-0x00000000000fffff] reserved
May 24 12:15:40 Shepherd kernel: [    0.000000] BIOS-e820: [mem 0x0000000000100000-0x000000007192afff] usable
May 24 12:15:40 Shepherd kernel: [    0.000000] BIOS-e820: [mem 0x000000007192b000-0x000000007192bfff] ACPI NVS
May 24 12:15:40 Shepherd kernel: [    0.000000] BIOS-e820: [mem 0x000000007192c000-0x000000007192cfff] reserved
May 24 12:15:40 Shepherd kernel: [    0.000000] BIOS-e820: [mem 0x000000007192d000-0x0000000073387fff] usable
May 24 12:15:40 Shepherd kernel: [    0.000000] BIOS-e820: [mem 0x0000000073388000-0x0000000073c87fff] reserved
May 24 12:15:40 Shepherd kernel: [    0.000000] BIOS-e820: [mem 0x0000000073c88000-0x0000000089e9dfff] usable
May 24 12:15:40 Shepherd kernel: [    0.000000] BIOS-e820: [mem 0x0000000089e9e000-0x000000008a09dfff] type 20
May 24 12:15:40 Shepherd kernel: [    0.000000] BIOS-e820: [mem 0x000000008a09e000-0x000000008a88dfff] reserved
May 24 12:15:40 Shepherd kernel: [    0.000000] BIOS-e820: [mem 0x000000008a88e000-0x000000008af7dfff] ACPI NVS
May 24 12:15:40 Shepherd kernel: [    0.000000] BIOS-e820: [mem 0x000000008af7e000-0x000000008affdfff] ACPI data
May 24 12:15:40 Shepherd kernel: [    0.000000] BIOS-e820: [mem 0x000000008affe000-0x000000008affefff] usable
May 24 12:15:40 Shepherd kernel: [    0.000000] BIOS-e820: [mem 0x000000008afff000-0x000000008fffffff] reserved
May 24 12:15:40 Shepherd kernel: [    0.000000] BIOS-e820: [mem 0x00000000e0000000-0x00000000efffffff] reserved
May 24 12:15:40 Shepherd kernel: [    0.000000] BIOS-e820: [mem 0x00000000fd000000-0x00000000fe7fffff] reserved
May 24 12:15:40 Shepherd kernel: [    0.000000] BIOS-e820: [mem 0x00000000fec00000-0x00000000fec00fff] reserved
May 24 12:15:40 Shepherd kernel: [    0.000000] BIOS-e820: [mem 0x00000000fed00000-0x00000000fed00fff] reserved
May 24 12:15:40 Shepherd kernel: [    0.000000] BIOS-e820: [mem 0x00000000fed10000-0x00000000fed19fff] reserved
May 24 12:15:40 Shepherd kernel: [    0.000000] BIOS-e820: [mem 0x00000000fed84000-0x00000000fed84fff] reserved
May 24 12:15:40 Shepherd kernel: [    0.000000] BIOS-e820: [mem 0x00000000fee00000-0x00000000fee00fff] reserved
May 24 12:15:40 Shepherd kernel: [    0.000000] BIOS-e820: [mem 0x00000000ffa00000-0x00000000ffffffff] reserved
May 24 12:15:40 Shepherd kernel: [    0.000000] BIOS-e820: [mem 0x0000000100000000-0x000000016effffff] usable
May 24 12:15:40 Shepherd kernel: [    0.000000] NX (Execute Disable) protection: active
May 24 12:15:40 Shepherd kernel: [    0.000000] efi: EFI v2.50 by INSYDE Corp.
May 24 12:15:40 Shepherd kernel: [    0.000000] efi:  ACPI 2.0=0x8affd014  SMBIOS=0x8a112000  SMBIOS 3.0=0x8a110000  ESRT=0x8a10e0d8  MEMATTR=0x7ad9b018 
May 24 12:15:40 Shepherd kernel: [    0.000000] secureboot: Secure boot could not be determined (mode 0)
May 24 12:15:40 Shepherd kernel: [    0.000000] SMBIOS 3.0.0 present.
May 24 12:15:40 Shepherd kernel: [    0.000000] DMI: Acer Swift SF314-52/Suntory_KL, BIOS V1.08 11/28/2017
May 24 12:15:40 Shepherd kernel: [    0.000000] tsc: Detected 2300.000 MHz processor
May 24 12:15:40 Shepherd kernel: [    0.001813] tsc: Detected 2304.000 MHz TSC
May 24 12:15:40 Shepherd kernel: [    0.001813] e820: update [mem 0x00000000-0x00000fff] usable ==> reserved
May 24 12:15:40 Shepherd kernel: [    0.001815] e820: remove [mem 0x000a0000-0x000fffff] usable
May 24 12:15:40 Shepherd kernel: [    0.001824] last_pfn = 0x16f000 max_arch_pfn = 0x400000000
May 24 12:15:40 Shepherd kernel: [    0.001829] MTRR default type: write-back
May 24 12:15:40 Shepherd kernel: [    0.001830] MTRR fixed ranges enabled:
May 24 12:15:40 Shepherd kernel: [    0.001831]   00000-9FFFF write-back
May 24 12:15:40 Shepherd kernel: [    0.001833]   A0000-BFFFF uncachable
May 24 12:15:40 Shepherd kernel: [    0.001833]   C0000-FFFFF write-protect
May 24 12:15:40 Shepherd kernel: [    0.001834] MTRR variable ranges enabled:
May 24 12:15:40 Shepherd kernel: [    0.001836]   0 base 00C0000000 mask 7FC0000000 uncachable
May 24 12:15:40 Shepherd kernel: [    0.001837]   1 base 00A0000000 mask 7FE0000000 uncachable
May 24 12:15:40 Shepherd kernel: [    0.001837]   2 base 0090000000 mask 7FF0000000 uncachable
May 24 12:15:40 Shepherd kernel: [    0.001838]   3 base 008C000000 mask 7FFC000000 uncachable
May 24 12:15:40 Shepherd kernel: [    0.001839]   4 base 008B800000 mask 7FFF800000 uncachable
May 24 12:15:40 Shepherd kernel: [    0.001839]   5 disabled
May 24 12:15:40 Shepherd kernel: [    0.001840]   6 disabled
May 24 12:15:40 Shepherd kernel: [    0.001840]   7 disabled
May 24 12:15:40 Shepherd kernel: [    0.001841]   8 disabled
May 24 12:15:40 Shepherd kernel: [    0.001841]   9 disabled
May 24 12:15:40 Shepherd kernel: [    0.002776] x86/PAT: Configuration [0-7]: WB  WC  UC- UC  WB  WP  UC- WT  
May 24 12:15:40 Shepherd kernel: [    0.002961] last_pfn = 0x8afff max_arch_pfn = 0x400000000
May 24 12:15:40 Shepherd kernel: [    0.018755] esrt: Reserving ESRT space from 0x000000008a10e0d8 to 0x000000008a10e188.
May 24 12:15:40 Shepherd kernel: [    0.018763] Using GB pages for direct mapping
May 24 12:15:40 Shepherd kernel: [    0.018765] BRK [0x165a01000, 0x165a01fff] PGTABLE
May 24 12:15:40 Shepherd kernel: [    0.018767] BRK [0x165a02000, 0x165a02fff] PGTABLE
May 24 12:15:40 Shepherd kernel: [    0.018768] BRK [0x165a03000, 0x165a03fff] PGTABLE
May 24 12:15:40 Shepherd kernel: [    0.018810] BRK [0x165a04000, 0x165a04fff] PGTABLE
May 24 12:15:40 Shepherd kernel: [    0.018812] BRK [0x165a05000, 0x165a05fff] PGTABLE
May 24 12:15:40 Shepherd kernel: [    0.018987] BRK [0x165a06000, 0x165a06fff] PGTABLE
May 24 12:15:40 Shepherd kernel: [    0.019026] BRK [0x165a07000, 0x165a07fff] PGTABLE
May 24 12:15:40 Shepherd kernel: [    0.019123] BRK [0x165a08000, 0x165a08fff] PGTABLE
May 24 12:15:40 Shepherd kernel: [    0.019165] BRK [0x165a09000, 0x165a09fff] PGTABLE
May 24 12:15:40 Shepherd kernel: [    0.019199] BRK [0x165a0a000, 0x165a0afff] PGTABLE
May 24 12:15:40 Shepherd kernel: [    0.019257] BRK [0x165a0b000, 0x165a0bfff] PGTABLE
May 24 12:15:40 Shepherd kernel: [    0.019338] BRK [0x165a0c000, 0x165a0cfff] PGTABLE
May 24 12:15:40 Shepherd kernel: [    0.019425] RAMDISK: [mem 0x33b17000-0x35d82fff]
May 24 12:15:40 Shepherd kernel: [    0.019435] ACPI: Early table checksum verification disabled
May 24 12:15:40 Shepherd kernel: [    0.019438] ACPI: RSDP 0x000000008AFFD014 000024 (v02 ACRSYS)
May 24 12:15:40 Shepherd kernel: [    0.019441] ACPI: XSDT 0x000000008AFB7188 0000EC (v01 ACRSYS ACRPRDCT 00000000      01000013)
May 24 12:15:40 Shepherd kernel: [    0.019447] ACPI: FACP 0x000000008AFE8000 00010C (v05 ACRSYS ACRPRDCT 00000000 1025 00040000)
May 24 12:15:40 Shepherd kernel: [    0.019451] ACPI: DSDT 0x000000008AFBB000 0285BE (v02 ACRSYS ACRPRDCT 00000000 1025 00040000)
May 24 12:15:40 Shepherd kernel: [    0.019454] ACPI: FACS 0x000000008AF50000 000040
May 24 12:15:40 Shepherd kernel: [    0.019456] ACPI: UEFI 0x000000008AFFC000 000236 (v01 ACRSYS ACRPRDCT 00000001 1025 00040000)
May 24 12:15:40 Shepherd kernel: [    0.019459] ACPI: UEFI 0x000000008AFFB000 000042 (v01 ACRSYS ACRPRDCT 00000002 1025 00040000)
May 24 12:15:40 Shepherd kernel: [    0.019461] ACPI: SSDT 0x000000008AFF5000 005535 (v01 ACRSYS ACRPRDCT 00001000 1025 00040000)
May 24 12:15:40 Shepherd kernel: [    0.019464] ACPI: MSDM 0x000000008AFF4000 000055 (v03 ACRSYS ACRPRDCT 00000001 1025 00040000)
May 24 12:15:40 Shepherd kernel: [    0.019467] ACPI: SSDT 0x000000008AFF3000 0004C3 (v02 ACRSYS ACRPRDCT 00001000 1025 00040000)
May 24 12:15:40 Shepherd kernel: [    0.019469] ACPI: SSDT 0x000000008AFF2000 000046 (v02 ACRSYS ACRPRDCT 00003000 1025 00040000)
May 24 12:15:40 Shepherd kernel: [    0.019471] ACPI: TPM2 0x000000008AFF1000 000034 (v03 ACRSYS ACRPRDCT 00000000 1025 00040000)
May 24 12:15:40 Shepherd kernel: [    0.019474] ACPI: ECDT 0x000000008AFF0000 0000C1 (v01 ACRSYS ACRPRDCT 00000001 1025 00040000)
May 24 12:15:40 Shepherd kernel: [    0.019476] ACPI: SSDT 0x000000008AFEC000 003101 (v02 ACRSYS ACRPRDCT 00003000 1025 00040000)
May 24 12:15:40 Shepherd kernel: [    0.019479] ACPI: SSDT 0x000000008AFEB000 00081E (v02 ACRSYS ACRPRDCT 00000000 1025 00040000)
May 24 12:15:40 Shepherd kernel: [    0.019481] ACPI: ASPT 0x000000008AFEA000 000034 (v07 ACRSYS ACRPRDCT 00000001 1025 00040000)
May 24 12:15:40 Shepherd kernel: [    0.019484] ACPI: BOOT 0x000000008AFE9000 000028 (v01 ACRSYS ACRPRDCT 00000001 1025 00040000)
May 24 12:15:40 Shepherd kernel: [    0.019486] ACPI: HPET 0x000000008AFE7000 000038 (v01 ACRSYS ACRPRDCT 00000001 1025 00040000)
May 24 12:15:40 Shepherd kernel: [    0.019489] ACPI: APIC 0x000000008AFE6000 0000BC (v03 ACRSYS ACRPRDCT 00000001 1025 00040000)
May 24 12:15:40 Shepherd kernel: [    0.019491] ACPI: MCFG 0x000000008AFE5000 00003C (v01 ACRSYS ACRPRDCT 00000001 1025 00040000)
May 24 12:15:40 Shepherd kernel: [    0.019494] ACPI: SSDT 0x000000008AFBA000 000517 (v02 ACRSYS ACRPRDCT 00000000 1025 00040000)
May 24 12:15:40 Shepherd kernel: [    0.019496] ACPI: DBGP 0x000000008AFB9000 000034 (v01 ACRSYS ACRPRDCT 00000002 1025 00040000)
May 24 12:15:40 Shepherd kernel: [    0.019498] ACPI: DBG2 0x000000008AFB8000 000054 (v00 ACRSYS ACRPRDCT 00000002 1025 00040000)
May 24 12:15:40 Shepherd kernel: [    0.019501] ACPI: SSDT 0x000000008AFB5000 0010B0 (v02 ACRSYS ACRPRDCT 00001000 1025 00040000)
May 24 12:15:40 Shepherd kernel: [    0.019503] ACPI: SSDT 0x000000008AFB4000 000EDE (v02 ACRSYS ACRPRDCT 00003000 1025 00040000)
May 24 12:15:40 Shepherd kernel: [    0.019506] ACPI: DMAR 0x000000008AFE4000 0000F0 (v01 ACRSYS ACRPRDCT 00000001 1025 00040000)
May 24 12:15:40 Shepherd kernel: [    0.019508] ACPI: NHLT 0x000000008AFB3000 00002D (v00 ACRSYS ACRPRDCT 00000002 1025 00040000)
May 24 12:15:40 Shepherd kernel: [    0.019511] ACPI: FPDT 0x000000008AFB1000 000044 (v01 ACRSYS ACRPRDCT 00000002 1025 00040000)
May 24 12:15:40 Shepherd kernel: [    0.019513] ACPI: BGRT 0x000000008AFB2000 000038 (v01 ACRSYS ACRPRDCT 00000001 1025 00040000)
May 24 12:15:40 Shepherd kernel: [    0.019520] ACPI: Local APIC address 0xfee00000
May 24 12:15:40 Shepherd kernel: [    0.019718] No NUMA configuration found
May 24 12:15:40 Shepherd kernel: [    0.019719] Faking a node at [mem 0x0000000000000000-0x000000016effffff]
May 24 12:15:40 Shepherd kernel: [    0.019723] NODE_DATA(0) allocated [mem 0x16effb000-0x16effffff]
May 24 12:15:40 Shepherd kernel: [    0.019745] Zone ranges:
May 24 12:15:40 Shepherd kernel: [    0.019746]   DMA      [mem 0x0000000000001000-0x0000000000ffffff]
May 24 12:15:40 Shepherd kernel: [    0.019747]   DMA32    [mem 0x0000000001000000-0x00000000ffffffff]
May 24 12:15:40 Shepherd kernel: [    0.019748]   Normal   [mem 0x0000000100000000-0x000000016effffff]
May 24 12:15:40 Shepherd kernel: [    0.019749]   Device   empty
May 24 12:15:40 Shepherd kernel: [    0.019750] Movable zone start for each node
May 24 12:15:40 Shepherd kernel: [    0.019750] Early memory node ranges
May 24 12:15:40 Shepherd kernel: [    0.019751]   node   0: [mem 0x0000000000001000-0x0000000000057fff]
May 24 12:15:40 Shepherd kernel: [    0.019752]   node   0: [mem 0x0000000000059000-0x000000000009dfff]
May 24 12:15:40 Shepherd kernel: [    0.019752]   node   0: [mem 0x0000000000100000-0x000000007192afff]
May 24 12:15:40 Shepherd kernel: [    0.019753]   node   0: [mem 0x000000007192d000-0x0000000073387fff]
May 24 12:15:40 Shepherd kernel: [    0.019753]   node   0: [mem 0x0000000073c88000-0x0000000089e9dfff]
May 24 12:15:40 Shepherd kernel: [    0.019754]   node   0: [mem 0x000000008affe000-0x000000008affefff]
May 24 12:15:40 Shepherd kernel: [    0.019755]   node   0: [mem 0x0000000100000000-0x000000016effffff]
May 24 12:15:40 Shepherd kernel: [    0.020303] Zeroed struct page in unavailable ranges: 31431 pages
May 24 12:15:40 Shepherd kernel: [    0.020305] Initmem setup node 0 [mem 0x0000000000001000-0x000000016effffff]
May 24 12:15:40 Shepherd kernel: [    0.020306] On node 0 totalpages: 1017145
May 24 12:15:40 Shepherd kernel: [    0.020308]   DMA zone: 64 pages used for memmap
May 24 12:15:40 Shepherd kernel: [    0.020308]   DMA zone: 22 pages reserved
May 24 12:15:40 Shepherd kernel: [    0.020309]   DMA zone: 3996 pages, LIFO batch:0
May 24 12:15:40 Shepherd kernel: [    0.020406]   DMA32 zone: 8727 pages used for memmap
May 24 12:15:40 Shepherd kernel: [    0.020407]   DMA32 zone: 558493 pages, LIFO batch:63
May 24 12:15:40 Shepherd kernel: [    0.035878]   Normal zone: 7104 pages used for memmap
May 24 12:15:40 Shepherd kernel: [    0.035878]   Normal zone: 454656 pages, LIFO batch:63
May 24 12:15:40 Shepherd kernel: [    0.046588] Reserving Intel graphics memory at [mem 0x8c000000-0x8fffffff]
May 24 12:15:40 Shepherd kernel: [    0.047002] ACPI: PM-Timer IO Port: 0x1808
May 24 12:15:40 Shepherd kernel: [    0.047004] ACPI: Local APIC address 0xfee00000
May 24 12:15:40 Shepherd kernel: [    0.047010] ACPI: LAPIC_NMI (acpi_id[0x01] high edge lint[0x1])
May 24 12:15:40 Shepherd kernel: [    0.047011] ACPI: LAPIC_NMI (acpi_id[0x02] high edge lint[0x1])
May 24 12:15:40 Shepherd kernel: [    0.047011] ACPI: LAPIC_NMI (acpi_id[0x03] high edge lint[0x1])
May 24 12:15:40 Shepherd kernel: [    0.047012] ACPI: LAPIC_NMI (acpi_id[0x04] high edge lint[0x1])
May 24 12:15:40 Shepherd kernel: [    0.047012] ACPI: LAPIC_NMI (acpi_id[0x05] high edge lint[0x1])
May 24 12:15:40 Shepherd kernel: [    0.047013] ACPI: LAPIC_NMI (acpi_id[0x06] high edge lint[0x1])
May 24 12:15:40 Shepherd kernel: [    0.047013] ACPI: LAPIC_NMI (acpi_id[0x07] high edge lint[0x1])
May 24 12:15:40 Shepherd kernel: [    0.047014] ACPI: LAPIC_NMI (acpi_id[0x08] high edge lint[0x1])
May 24 12:15:40 Shepherd kernel: [    0.047045] IOAPIC[0]: apic_id 2, version 32, address 0xfec00000, GSI 0-119
May 24 12:15:40 Shepherd kernel: [    0.047047] ACPI: INT_SRC_OVR (bus 0 bus_irq 0 global_irq 2 dfl dfl)
May 24 12:15:40 Shepherd kernel: [    0.047048] ACPI: INT_SRC_OVR (bus 0 bus_irq 9 global_irq 9 high level)
May 24 12:15:40 Shepherd kernel: [    0.047050] ACPI: IRQ0 used by override.
May 24 12:15:40 Shepherd kernel: [    0.047051] ACPI: IRQ9 used by override.
May 24 12:15:40 Shepherd kernel: [    0.047052] Using ACPI (MADT) for SMP configuration information
May 24 12:15:40 Shepherd kernel: [    0.047054] ACPI: HPET id: 0x8086a201 base: 0xfed00000
May 24 12:15:40 Shepherd kernel: [    0.047061] e820: update [mem 0x7a536000-0x7a629fff] usable ==> reserved
May 24 12:15:40 Shepherd kernel: [    0.047072] smpboot: Allowing 4 CPUs, 0 hotplug CPUs
May 24 12:15:40 Shepherd kernel: [    0.047094] PM: Registered nosave memory: [mem 0x00000000-0x00000fff]
May 24 12:15:40 Shepherd kernel: [    0.047096] PM: Registered nosave memory: [mem 0x00058000-0x00058fff]
May 24 12:15:40 Shepherd kernel: [    0.047097] PM: Registered nosave memory: [mem 0x0009e000-0x000fffff]
May 24 12:15:40 Shepherd kernel: [    0.047099] PM: Registered nosave memory: [mem 0x7192b000-0x7192bfff]
May 24 12:15:40 Shepherd kernel: [    0.047099] PM: Registered nosave memory: [mem 0x7192c000-0x7192cfff]
May 24 12:15:40 Shepherd kernel: [    0.047101] PM: Registered nosave memory: [mem 0x73388000-0x73c87fff]
May 24 12:15:40 Shepherd kernel: [    0.047102] PM: Registered nosave memory: [mem 0x7a536000-0x7a629fff]
May 24 12:15:40 Shepherd kernel: [    0.047104] PM: Registered nosave memory: [mem 0x89e9e000-0x8a09dfff]
May 24 12:15:40 Shepherd kernel: [    0.047104] PM: Registered nosave memory: [mem 0x8a09e000-0x8a88dfff]
May 24 12:15:40 Shepherd kernel: [    0.047105] PM: Registered nosave memory: [mem 0x8a88e000-0x8af7dfff]
May 24 12:15:40 Shepherd kernel: [    0.047105] PM: Registered nosave memory: [mem 0x8af7e000-0x8affdfff]
May 24 12:15:40 Shepherd kernel: [    0.047107] PM: Registered nosave memory: [mem 0x8afff000-0x8fffffff]
May 24 12:15:40 Shepherd kernel: [    0.047107] PM: Registered nosave memory: [mem 0x90000000-0xdfffffff]
May 24 12:15:40 Shepherd kernel: [    0.047108] PM: Registered nosave memory: [mem 0xe0000000-0xefffffff]
May 24 12:15:40 Shepherd kernel: [    0.047109] PM: Registered nosave memory: [mem 0xf0000000-0xfcffffff]
May 24 12:15:40 Shepherd kernel: [    0.047109] PM: Registered nosave memory: [mem 0xfd000000-0xfe7fffff]
May 24 12:15:40 Shepherd kernel: [    0.047110] PM: Registered nosave memory: [mem 0xfe800000-0xfebfffff]
May 24 12:15:40 Shepherd kernel: [    0.047110] PM: Registered nosave memory: [mem 0xfec00000-0xfec00fff]
May 24 12:15:40 Shepherd kernel: [    0.047111] PM: Registered nosave memory: [mem 0xfec01000-0xfecfffff]
May 24 12:15:40 Shepherd kernel: [    0.047111] PM: Registered nosave memory: [mem 0xfed00000-0xfed00fff]
May 24 12:15:40 Shepherd kernel: [    0.047112] PM: Registered nosave memory: [mem 0xfed01000-0xfed0ffff]
May 24 12:15:40 Shepherd kernel: [    0.047112] PM: Registered nosave memory: [mem 0xfed10000-0xfed19fff]
May 24 12:15:40 Shepherd kernel: [    0.047113] PM: Registered nosave memory: [mem 0xfed1a000-0xfed83fff]
May 24 12:15:40 Shepherd kernel: [    0.047113] PM: Registered nosave memory: [mem 0xfed84000-0xfed84fff]
May 24 12:15:40 Shepherd kernel: [    0.047114] PM: Registered nosave memory: [mem 0xfed85000-0xfedfffff]
May 24 12:15:40 Shepherd kernel: [    0.047114] PM: Registered nosave memory: [mem 0xfee00000-0xfee00fff]
May 24 12:15:40 Shepherd kernel: [    0.047115] PM: Registered nosave memory: [mem 0xfee01000-0xff9fffff]
May 24 12:15:40 Shepherd kernel: [    0.047115] PM: Registered nosave memory: [mem 0xffa00000-0xffffffff]
May 24 12:15:40 Shepherd kernel: [    0.047120] [mem 0x90000000-0xdfffffff] available for PCI devices
May 24 12:15:40 Shepherd kernel: [    0.047124] Booting paravirtualized kernel on bare hardware
May 24 12:15:40 Shepherd kernel: [    0.047130] clocksource: refined-jiffies: mask: 0xffffffff max_cycles: 0xffffffff, max_idle_ns: 7645519600211568 ns
May 24 12:15:40 Shepherd kernel: [    0.151413] random: get_random_bytes called from start_kernel+0x93/0x52c with crng_init=0
May 24 12:15:40 Shepherd kernel: [    0.151421] setup_percpu: NR_CPUS:512 nr_cpumask_bits:512 nr_cpu_ids:4 nr_node_ids:1
May 24 12:15:40 Shepherd kernel: [    0.151597] percpu: Embedded 45 pages/cpu s144408 r8192 d31720 u524288
May 24 12:15:40 Shepherd kernel: [    0.151605] pcpu-alloc: s144408 r8192 d31720 u524288 alloc=1*2097152
May 24 12:15:40 Shepherd kernel: [    0.151606] pcpu-alloc: [0] 0 1 2 3 
May 24 12:15:40 Shepherd kernel: [    0.151628] Built 1 zonelists, mobility grouping on.  Total pages: 1001228
May 24 12:15:40 Shepherd kernel: [    0.151629] Policy zone: Normal
May 24 12:15:40 Shepherd kernel: [    0.151630] Kernel command line: BOOT_IMAGE=/boot/vmlinuz-4.19.0-9-amd64 root=UUID=373fafda-db57-4e89-b1f5-11382893ecf9 ro quiet
May 24 12:15:40 Shepherd kernel: [    0.155321] Calgary: detecting Calgary via BIOS EBDA area
May 24 12:15:40 Shepherd kernel: [    0.155323] Calgary: Unable to locate Rio Grande table in EBDA - bailing!
May 24 12:15:40 Shepherd kernel: [    0.166005] Memory: 3839896K/4068580K available (10252K kernel code, 1241K rwdata, 3316K rodata, 1588K init, 2276K bss, 228684K reserved, 0K cma-reserved)
May 24 12:15:40 Shepherd kernel: [    0.166099] SLUB: HWalign=64, Order=0-3, MinObjects=0, CPUs=4, Nodes=1
May 24 12:15:40 Shepherd kernel: [    0.166105] Kernel/User page tables isolation: enabled
May 24 12:15:40 Shepherd kernel: [    0.166147] ftrace: allocating 31879 entries in 125 pages
May 24 12:15:40 Shepherd kernel: [    0.180077] rcu: Hierarchical RCU implementation.
May 24 12:15:40 Shepherd kernel: [    0.180078] rcu: 	RCU restricting CPUs from NR_CPUS=512 to nr_cpu_ids=4.
May 24 12:15:40 Shepherd kernel: [    0.180079] rcu: Adjusting geometry for rcu_fanout_leaf=16, nr_cpu_ids=4
May 24 12:15:40 Shepherd kernel: [    0.183226] NR_IRQS: 33024, nr_irqs: 1024, preallocated irqs: 16
May 24 12:15:40 Shepherd kernel: [    0.183553] Console: colour dummy device 80x25
May 24 12:15:40 Shepherd kernel: [    0.183557] console [tty0] enabled
May 24 12:15:40 Shepherd kernel: [    0.183572] ACPI: Core revision 20180810
May 24 12:15:40 Shepherd kernel: [    0.183942] clocksource: hpet: mask: 0xffffffff max_cycles: 0xffffffff, max_idle_ns: 79635855245 ns
May 24 12:15:40 Shepherd kernel: [    0.183974] hpet clockevent registered
May 24 12:15:40 Shepherd kernel: [    0.184016] APIC: Switch to symmetric I/O mode setup
May 24 12:15:40 Shepherd kernel: [    0.184018] DMAR: Host address width 39
May 24 12:15:40 Shepherd kernel: [    0.184019] DMAR: DRHD base: 0x000000fed90000 flags: 0x0
May 24 12:15:40 Shepherd kernel: [    0.184026] DMAR: dmar0: reg_base_addr fed90000 ver 1:0 cap 1c0000c40660462 ecap 19e2ff0505e
May 24 12:15:40 Shepherd kernel: [    0.184027] DMAR: DRHD base: 0x000000fed91000 flags: 0x1
May 24 12:15:40 Shepherd kernel: [    0.184031] DMAR: dmar1: reg_base_addr fed91000 ver 1:0 cap d2008c40660462 ecap f050da
May 24 12:15:40 Shepherd kernel: [    0.184032] DMAR: RMRR base: 0x0000008a78a000 end: 0x0000008a7a9fff
May 24 12:15:40 Shepherd kernel: [    0.184033] DMAR: RMRR base: 0x0000008b800000 end: 0x0000008fffffff
May 24 12:15:40 Shepherd kernel: [    0.184034] DMAR: ANDD device: 1 name: \_SB.PCI0.I2C0
May 24 12:15:40 Shepherd kernel: [    0.184034] DMAR: ANDD device: 2 name: \_SB.PCI0.I2C1
May 24 12:15:40 Shepherd kernel: [    0.184036] DMAR-IR: IOAPIC id 2 under DRHD base  0xfed91000 IOMMU 1
May 24 12:15:40 Shepherd kernel: [    0.184037] DMAR-IR: HPET id 0 under DRHD base 0xfed91000
May 24 12:15:40 Shepherd kernel: [    0.184038] DMAR-IR: Queued invalidation will be enabled to support x2apic and Intr-remapping.
May 24 12:15:40 Shepherd kernel: [    0.185671] DMAR-IR: Enabled IRQ remapping in x2apic mode
May 24 12:15:40 Shepherd kernel: [    0.185673] x2apic enabled
May 24 12:15:40 Shepherd kernel: [    0.185688] Switched APIC routing to cluster x2apic.
May 24 12:15:40 Shepherd kernel: [    0.189771] ..TIMER: vector=0x30 apic1=0 pin1=2 apic2=-1 pin2=-1
May 24 12:15:40 Shepherd kernel: [    0.207988] clocksource: tsc-early: mask: 0xffffffffffffffff max_cycles: 0x2135f7c97c8, max_idle_ns: 440795273205 ns
May 24 12:15:40 Shepherd kernel: [    0.208001] Calibrating delay loop (skipped), value calculated using timer frequency.. 4608.00 BogoMIPS (lpj=9216000)
May 24 12:15:40 Shepherd kernel: [    0.208004] pid_max: default: 32768 minimum: 301
May 24 12:15:40 Shepherd kernel: [    0.209295] Security Framework initialized
May 24 12:15:40 Shepherd kernel: [    0.209297] Yama: disabled by default; enable with sysctl kernel.yama.*
May 24 12:15:40 Shepherd kernel: [    0.209316] AppArmor: AppArmor initialized
May 24 12:15:40 Shepherd kernel: [    0.209832] Dentry cache hash table entries: 524288 (order: 10, 4194304 bytes)
May 24 12:15:40 Shepherd kernel: [    0.210107] Inode-cache hash table entries: 262144 (order: 9, 2097152 bytes)
May 24 12:15:40 Shepherd kernel: [    0.210123] Mount-cache hash table entries: 8192 (order: 4, 65536 bytes)
May 24 12:15:40 Shepherd kernel: [    0.210131] Mountpoint-cache hash table entries: 8192 (order: 4, 65536 bytes)
May 24 12:15:40 Shepherd kernel: [    0.210332] ENERGY_PERF_BIAS: Set to 'normal', was 'performance'
May 24 12:15:40 Shepherd kernel: [    0.210332] ENERGY_PERF_BIAS: View and update with x86_energy_perf_policy(8)
May 24 12:15:40 Shepherd kernel: [    0.210350] CPU0: Thermal monitoring enabled (TM1)
May 24 12:15:40 Shepherd kernel: [    0.210367] process: using mwait in idle threads
May 24 12:15:40 Shepherd kernel: [    0.210369] Last level iTLB entries: 4KB 64, 2MB 8, 4MB 8
May 24 12:15:40 Shepherd kernel: [    0.210370] Last level dTLB entries: 4KB 64, 2MB 0, 4MB 0, 1GB 4
May 24 12:15:40 Shepherd kernel: [    0.210371] Spectre V1 : Mitigation: usercopy/swapgs barriers and __user pointer sanitization
May 24 12:15:40 Shepherd kernel: [    0.210373] Spectre V2 : Mitigation: Full generic retpoline
May 24 12:15:40 Shepherd kernel: [    0.210373] Spectre V2 : Spectre v2 / SpectreRSB mitigation: Filling RSB on context switch
May 24 12:15:40 Shepherd kernel: [    0.210374] Speculative Store Bypass: Vulnerable
May 24 12:15:40 Shepherd kernel: [    0.210403] MDS: Vulnerable: Clear CPU buffers attempted, no microcode
May 24 12:15:40 Shepherd kernel: [    0.210682] Freeing SMP alternatives memory: 24K
May 24 12:15:40 Shepherd kernel: [    0.214333] TSC deadline timer enabled
May 24 12:15:40 Shepherd kernel: [    0.214340] smpboot: CPU0: Intel(R) Pentium(R) CPU 4415U @ 2.30GHz (family: 0x6, model: 0x8e, stepping: 0x9)
May 24 12:15:40 Shepherd kernel: [    0.214426] Performance Events: PEBS fmt3+, Skylake events, 32-deep LBR, full-width counters, Intel PMU driver.
May 24 12:15:40 Shepherd kernel: [    0.214456] ... version:                4
May 24 12:15:40 Shepherd kernel: [    0.214457] ... bit width:              48
May 24 12:15:40 Shepherd kernel: [    0.214457] ... generic registers:      4
May 24 12:15:40 Shepherd kernel: [    0.214458] ... value mask:             0000ffffffffffff
May 24 12:15:40 Shepherd kernel: [    0.214459] ... max period:             00007fffffffffff
May 24 12:15:40 Shepherd kernel: [    0.214459] ... fixed-purpose events:   3
May 24 12:15:40 Shepherd kernel: [    0.214460] ... event mask:             000000070000000f
May 24 12:15:40 Shepherd kernel: [    0.214516] rcu: Hierarchical SRCU implementation.
May 24 12:15:40 Shepherd kernel: [    0.214910] random: crng done (trusting CPU's manufacturer)
May 24 12:15:40 Shepherd kernel: [    0.215226] NMI watchdog: Enabled. Permanently consumes one hw-PMU counter.
May 24 12:15:40 Shepherd kernel: [    0.215264] smp: Bringing up secondary CPUs ...
May 24 12:15:40 Shepherd kernel: [    0.215329] x86: Booting SMP configuration:
May 24 12:15:40 Shepherd kernel: [    0.215331] .... node  #0, CPUs:      #1 #2
May 24 12:15:40 Shepherd kernel: [    0.215695] MDS CPU bug present and SMT on, data leak possible. See https://www.kernel.org/doc/html/latest/admin-guide/hw-vuln/mds.html for more details.
May 24 12:15:40 Shepherd kernel: [    0.215695]  #3
May 24 12:15:40 Shepherd kernel: [    0.215695] smp: Brought up 1 node, 4 CPUs
May 24 12:15:40 Shepherd kernel: [    0.215695] smpboot: Max logical packages: 1
May 24 12:15:40 Shepherd kernel: [    0.215695] smpboot: Total of 4 processors activated (18432.00 BogoMIPS)
May 24 12:15:40 Shepherd kernel: [    0.216169] devtmpfs: initialized
May 24 12:15:40 Shepherd kernel: [    0.216169] x86/mm: Memory block size: 128MB
May 24 12:15:40 Shepherd kernel: [    0.216404] PM: Registering ACPI NVS region [mem 0x7192b000-0x7192bfff] (4096 bytes)
May 24 12:15:40 Shepherd kernel: [    0.216404] PM: Registering ACPI NVS region [mem 0x8a88e000-0x8af7dfff] (7274496 bytes)
May 24 12:15:40 Shepherd kernel: [    0.216404] clocksource: jiffies: mask: 0xffffffff max_cycles: 0xffffffff, max_idle_ns: 7645041785100000 ns
May 24 12:15:40 Shepherd kernel: [    0.216404] futex hash table entries: 1024 (order: 4, 65536 bytes)
May 24 12:15:40 Shepherd kernel: [    0.216404] pinctrl core: initialized pinctrl subsystem
May 24 12:15:40 Shepherd kernel: [    0.216404] NET: Registered protocol family 16
May 24 12:15:40 Shepherd kernel: [    0.216418] audit: initializing netlink subsys (disabled)
May 24 12:15:40 Shepherd kernel: [    0.216423] audit: type=2000 audit(1590322535.032:1): state=initialized audit_enabled=0 res=1
May 24 12:15:40 Shepherd kernel: [    0.216423] cpuidle: using governor ladder
May 24 12:15:40 Shepherd kernel: [    0.216423] cpuidle: using governor menu
May 24 12:15:40 Shepherd kernel: [    0.216423] Simple Boot Flag at 0x44 set to 0x1
May 24 12:15:40 Shepherd kernel: [    0.216423] ACPI FADT declares the system doesn't support PCIe ASPM, so disable it
May 24 12:15:40 Shepherd kernel: [    0.216423] ACPI: bus type PCI registered
May 24 12:15:40 Shepherd kernel: [    0.216423] acpiphp: ACPI Hot Plug PCI Controller Driver version: 0.5
May 24 12:15:40 Shepherd kernel: [    0.216423] PCI: MMCONFIG for domain 0000 [bus 00-ff] at [mem 0xe0000000-0xefffffff] (base 0xe0000000)
May 24 12:15:40 Shepherd kernel: [    0.216423] PCI: MMCONFIG at [mem 0xe0000000-0xefffffff] reserved in E820
May 24 12:15:40 Shepherd kernel: [    0.216423] PCI: Using configuration type 1 for base access
May 24 12:15:40 Shepherd kernel: [    0.216682] HugeTLB registered 1.00 GiB page size, pre-allocated 0 pages
May 24 12:15:40 Shepherd kernel: [    0.216682] HugeTLB registered 2.00 MiB page size, pre-allocated 0 pages
May 24 12:15:40 Shepherd kernel: [    0.216682] ACPI: Added _OSI(Module Device)
May 24 12:15:40 Shepherd kernel: [    0.216682] ACPI: Added _OSI(Processor Device)
May 24 12:15:40 Shepherd kernel: [    0.216682] ACPI: Added _OSI(3.0 _SCP Extensions)
May 24 12:15:40 Shepherd kernel: [    0.216682] ACPI: Added _OSI(Processor Aggregator Device)
May 24 12:15:40 Shepherd kernel: [    0.216682] ACPI: Added _OSI(Linux-Dell-Video)
May 24 12:15:40 Shepherd kernel: [    0.216682] ACPI: Added _OSI(Linux-Lenovo-NV-HDMI-Audio)
May 24 12:15:40 Shepherd kernel: [    0.216682] ACPI: EC: EC started
May 24 12:15:40 Shepherd kernel: [    0.216682] ACPI: EC: interrupt blocked
May 24 12:15:40 Shepherd kernel: [    0.216682] ACPI: \: Used as first EC
May 24 12:15:40 Shepherd kernel: [    0.216682] ACPI: \: GPE=0x50, EC_CMD/EC_SC=0x66, EC_DATA=0x62
May 24 12:15:40 Shepherd kernel: [    0.216682] ACPI: \: Used as boot ECDT EC to handle transactions
May 24 12:15:40 Shepherd kernel: [    0.256182] ACPI: 9 ACPI AML tables successfully acquired and loaded
May 24 12:15:40 Shepherd kernel: [    0.259753] ACPI: [Firmware Bug]: BIOS _OSI(Linux) query ignored
May 24 12:15:40 Shepherd kernel: [    0.324067] ACPI: Dynamic OEM Table Load:
May 24 12:15:40 Shepherd kernel: [    0.324081] ACPI: SSDT 0xFFFF9C19A95CA000 000630 (v02 PmRef  Cpu0Ist  00003000 INTL 20160527)
May 24 12:15:40 Shepherd kernel: [    0.324561] ACPI: \_PR_.CPU0: _OSC native thermal LVT Acked
May 24 12:15:40 Shepherd kernel: [    0.325558] ACPI: Dynamic OEM Table Load:
May 24 12:15:40 Shepherd kernel: [    0.325565] ACPI: SSDT 0xFFFF9C19A962B400 0003FF (v02 PmRef  Cpu0Cst  00003001 INTL 20160527)
May 24 12:15:40 Shepherd kernel: [    0.326018] ACPI: Dynamic OEM Table Load:
May 24 12:15:40 Shepherd kernel: [    0.326024] ACPI: SSDT 0xFFFF9C19A973A600 000115 (v02 PmRef  Cpu0Hwp  00003000 INTL 20160527)
May 24 12:15:40 Shepherd kernel: [    0.326339] ACPI: Dynamic OEM Table Load:
May 24 12:15:40 Shepherd kernel: [    0.326343] ACPI: SSDT 0xFFFF9C19A973A000 0001A4 (v02 PmRef  HwpLvt   00003000 INTL 20160527)
May 24 12:15:40 Shepherd kernel: [    0.326979] ACPI: Dynamic OEM Table Load:
May 24 12:15:40 Shepherd kernel: [    0.326986] ACPI: SSDT 0xFFFF9C19A95C8000 00065C (v02 PmRef  ApIst    00003000 INTL 20160527)
May 24 12:15:40 Shepherd kernel: [    0.327648] ACPI: Dynamic OEM Table Load:
May 24 12:15:40 Shepherd kernel: [    0.327654] ACPI: SSDT 0xFFFF9C19A973B600 000197 (v02 PmRef  ApHwp    00003000 INTL 20160527)
May 24 12:15:40 Shepherd kernel: [    0.328081] ACPI: Dynamic OEM Table Load:
May 24 12:15:40 Shepherd kernel: [    0.328086] ACPI: SSDT 0xFFFF9C19A973B000 00018A (v02 PmRef  ApCst    00003000 INTL 20160527)
May 24 12:15:40 Shepherd kernel: [    0.329626] ACPI: Interpreter enabled
May 24 12:15:40 Shepherd kernel: [    0.329680] ACPI: (supports S0 S3 S4 S5)
May 24 12:15:40 Shepherd kernel: [    0.329681] ACPI: Using IOAPIC for interrupt routing
May 24 12:15:40 Shepherd kernel: [    0.329724] PCI: Using host bridge windows from ACPI; if necessary, use "pci=nocrs" and report a bug
May 24 12:15:40 Shepherd kernel: [    0.330362] ACPI: Enabled 6 GPEs in block 00 to 7F
May 24 12:15:40 Shepherd kernel: [    0.336425] ACPI: Power Resource [WRST] (on)
May 24 12:15:40 Shepherd kernel: [    0.336842] ACPI: Power Resource [WRST] (on)
May 24 12:15:40 Shepherd kernel: [    0.337260] ACPI: Power Resource [WRST] (on)
May 24 12:15:40 Shepherd kernel: [    0.337671] ACPI: Power Resource [WRST] (on)
May 24 12:15:40 Shepherd kernel: [    0.338085] ACPI: Power Resource [WRST] (on)
May 24 12:15:40 Shepherd kernel: [    0.338498] ACPI: Power Resource [WRST] (on)
May 24 12:15:40 Shepherd kernel: [    0.338911] ACPI: Power Resource [WRST] (on)
May 24 12:15:40 Shepherd kernel: [    0.339327] ACPI: Power Resource [WRST] (on)
May 24 12:15:40 Shepherd kernel: [    0.340039] ACPI: Power Resource [WRST] (on)
May 24 12:15:40 Shepherd kernel: [    0.340464] ACPI: Power Resource [WRST] (on)
May 24 12:15:40 Shepherd kernel: [    0.340886] ACPI: Power Resource [WRST] (on)
May 24 12:15:40 Shepherd kernel: [    0.341300] ACPI: Power Resource [WRST] (on)
May 24 12:15:40 Shepherd kernel: [    0.341683] ACPI: Power Resource [WRST] (on)
May 24 12:15:40 Shepherd kernel: [    0.342067] ACPI: Power Resource [WRST] (on)
May 24 12:15:40 Shepherd kernel: [    0.342453] ACPI: Power Resource [WRST] (on)
May 24 12:15:40 Shepherd kernel: [    0.342832] ACPI: Power Resource [WRST] (on)
May 24 12:15:40 Shepherd kernel: [    0.343215] ACPI: Power Resource [WRST] (on)
May 24 12:15:40 Shepherd kernel: [    0.343596] ACPI: Power Resource [WRST] (on)
May 24 12:15:40 Shepherd kernel: [    0.343980] ACPI: Power Resource [WRST] (on)
May 24 12:15:40 Shepherd kernel: [    0.344375] ACPI: Power Resource [WRST] (on)
May 24 12:15:40 Shepherd kernel: [    0.353222] ACPI: PCI Root Bridge [PCI0] (domain 0000 [bus 00-fe])
May 24 12:15:40 Shepherd kernel: [    0.353227] acpi PNP0A08:00: _OSC: OS supports [ExtendedConfig ASPM ClockPM Segments MSI]
May 24 12:15:40 Shepherd kernel: [    0.356299] acpi PNP0A08:00: _OSC: OS now controls [PCIeHotplug SHPCHotplug PME AER PCIeCapability LTR]
May 24 12:15:40 Shepherd kernel: [    0.356300] acpi PNP0A08:00: FADT indicates ASPM is unsupported, using BIOS configuration
May 24 12:15:40 Shepherd kernel: [    0.358418] PCI host bridge to bus 0000:00
May 24 12:15:40 Shepherd kernel: [    0.358420] pci_bus 0000:00: root bus resource [io  0x0000-0x0cf7 window]
May 24 12:15:40 Shepherd kernel: [    0.358421] pci_bus 0000:00: root bus resource [io  0x0d00-0xffff window]
May 24 12:15:40 Shepherd kernel: [    0.358423] pci_bus 0000:00: root bus resource [mem 0x000a0000-0x000bffff window]
May 24 12:15:40 Shepherd kernel: [    0.358423] pci_bus 0000:00: root bus resource [mem 0x000c0000-0x000c3fff window]
May 24 12:15:40 Shepherd kernel: [    0.358424] pci_bus 0000:00: root bus resource [mem 0x000c4000-0x000c7fff window]
May 24 12:15:40 Shepherd kernel: [    0.358425] pci_bus 0000:00: root bus resource [mem 0x000c8000-0x000cbfff window]
May 24 12:15:40 Shepherd kernel: [    0.358426] pci_bus 0000:00: root bus resource [mem 0x000cc000-0x000cffff window]
May 24 12:15:40 Shepherd kernel: [    0.358427] pci_bus 0000:00: root bus resource [mem 0x000d0000-0x000d3fff window]
May 24 12:15:40 Shepherd kernel: [    0.358428] pci_bus 0000:00: root bus resource [mem 0x000d4000-0x000d7fff window]
May 24 12:15:40 Shepherd kernel: [    0.358429] pci_bus 0000:00: root bus resource [mem 0x000d8000-0x000dbfff window]
May 24 12:15:40 Shepherd kernel: [    0.358430] pci_bus 0000:00: root bus resource [mem 0x000dc000-0x000dffff window]
May 24 12:15:40 Shepherd kernel: [    0.358431] pci_bus 0000:00: root bus resource [mem 0x000e0000-0x000e3fff window]
May 24 12:15:40 Shepherd kernel: [    0.358432] pci_bus 0000:00: root bus resource [mem 0x000e4000-0x000e7fff window]
May 24 12:15:40 Shepherd kernel: [    0.358433] pci_bus 0000:00: root bus resource [mem 0x000e8000-0x000ebfff window]
May 24 12:15:40 Shepherd kernel: [    0.358433] pci_bus 0000:00: root bus resource [mem 0x000ec000-0x000effff window]
May 24 12:15:40 Shepherd kernel: [    0.358434] pci_bus 0000:00: root bus resource [mem 0x000f0000-0x000fffff window]
May 24 12:15:40 Shepherd kernel: [    0.358435] pci_bus 0000:00: root bus resource [mem 0x90000000-0xdfffffff window]
May 24 12:15:40 Shepherd kernel: [    0.358436] pci_bus 0000:00: root bus resource [mem 0xfd000000-0xfe7fffff window]
May 24 12:15:40 Shepherd kernel: [    0.358438] pci_bus 0000:00: root bus resource [bus 00-fe]
May 24 12:15:40 Shepherd kernel: [    0.358448] pci 0000:00:00.0: [8086:5904] type 00 class 0x060000
May 24 12:15:40 Shepherd kernel: [    0.359278] pci 0000:00:02.0: [8086:5906] type 00 class 0x030000
May 24 12:15:40 Shepherd kernel: [    0.359291] pci 0000:00:02.0: reg 0x10: [mem 0xb0000000-0xb0ffffff 64bit]
May 24 12:15:40 Shepherd kernel: [    0.359298] pci 0000:00:02.0: reg 0x18: [mem 0xa0000000-0xafffffff 64bit pref]
May 24 12:15:40 Shepherd kernel: [    0.359302] pci 0000:00:02.0: reg 0x20: [io  0x3000-0x303f]
May 24 12:15:40 Shepherd kernel: [    0.359319] pci 0000:00:02.0: BAR 2: assigned to efifb
May 24 12:15:40 Shepherd kernel: [    0.360194] pci 0000:00:14.0: [8086:9d2f] type 00 class 0x0c0330
May 24 12:15:40 Shepherd kernel: [    0.360217] pci 0000:00:14.0: reg 0x10: [mem 0xb1110000-0xb111ffff 64bit]
May 24 12:15:40 Shepherd kernel: [    0.360290] pci 0000:00:14.0: PME# supported from D3hot D3cold
May 24 12:15:40 Shepherd kernel: [    0.361181] pci 0000:00:14.2: [8086:9d31] type 00 class 0x118000
May 24 12:15:40 Shepherd kernel: [    0.361204] pci 0000:00:14.2: reg 0x10: [mem 0xb112a000-0xb112afff 64bit]
May 24 12:15:40 Shepherd kernel: [    0.362151] pci 0000:00:15.0: [8086:9d60] type 00 class 0x118000
May 24 12:15:40 Shepherd kernel: [    0.362415] pci 0000:00:15.0: reg 0x10: [mem 0xb112b000-0xb112bfff 64bit]
May 24 12:15:40 Shepherd kernel: [    0.364139] pci 0000:00:15.1: [8086:9d61] type 00 class 0x118000
May 24 12:15:40 Shepherd kernel: [    0.364402] pci 0000:00:15.1: reg 0x10: [mem 0xb112c000-0xb112cfff 64bit]
May 24 12:15:40 Shepherd kernel: [    0.366062] pci 0000:00:16.0: [8086:9d3a] type 00 class 0x078000
May 24 12:15:40 Shepherd kernel: [    0.366090] pci 0000:00:16.0: reg 0x10: [mem 0xb112d000-0xb112dfff 64bit]
May 24 12:15:40 Shepherd kernel: [    0.366168] pci 0000:00:16.0: PME# supported from D3hot
May 24 12:15:40 Shepherd kernel: [    0.367028] pci 0000:00:17.0: [8086:9d03] type 00 class 0x010601
May 24 12:15:40 Shepherd kernel: [    0.367047] pci 0000:00:17.0: reg 0x10: [mem 0xb1128000-0xb1129fff]
May 24 12:15:40 Shepherd kernel: [    0.367055] pci 0000:00:17.0: reg 0x14: [mem 0xb1130000-0xb11300ff]
May 24 12:15:40 Shepherd kernel: [    0.367063] pci 0000:00:17.0: reg 0x18: [io  0x3080-0x3087]
May 24 12:15:40 Shepherd kernel: [    0.367071] pci 0000:00:17.0: reg 0x1c: [io  0x3088-0x308b]
May 24 12:15:40 Shepherd kernel: [    0.367078] pci 0000:00:17.0: reg 0x20: [io  0x3060-0x307f]
May 24 12:15:40 Shepherd kernel: [    0.367086] pci 0000:00:17.0: reg 0x24: [mem 0xb112e000-0xb112e7ff]
May 24 12:15:40 Shepherd kernel: [    0.367131] pci 0000:00:17.0: PME# supported from D3hot
May 24 12:15:40 Shepherd kernel: [    0.367970] pci 0000:00:1d.0: [8086:9d18] type 01 class 0x060400
May 24 12:15:40 Shepherd kernel: [    0.368064] pci 0000:00:1d.0: PME# supported from D0 D3hot D3cold
May 24 12:15:40 Shepherd kernel: [    0.368959] pci 0000:00:1f.0: [8086:9d50] type 00 class 0x060100
May 24 12:15:40 Shepherd kernel: [    0.369889] pci 0000:00:1f.2: [8086:9d21] type 00 class 0x058000
May 24 12:15:40 Shepherd kernel: [    0.369906] pci 0000:00:1f.2: reg 0x10: [mem 0xb1124000-0xb1127fff]
May 24 12:15:40 Shepherd kernel: [    0.370773] pci 0000:00:1f.3: [8086:9d71] type 00 class 0x040380
May 24 12:15:40 Shepherd kernel: [    0.370803] pci 0000:00:1f.3: reg 0x10: [mem 0xb1120000-0xb1123fff 64bit]
May 24 12:15:40 Shepherd kernel: [    0.370837] pci 0000:00:1f.3: reg 0x20: [mem 0xb1100000-0xb110ffff 64bit]
May 24 12:15:40 Shepherd kernel: [    0.370891] pci 0000:00:1f.3: PME# supported from D3hot D3cold
May 24 12:15:40 Shepherd kernel: [    0.371800] pci 0000:00:1f.4: [8086:9d23] type 00 class 0x0c0500
May 24 12:15:40 Shepherd kernel: [    0.371861] pci 0000:00:1f.4: reg 0x10: [mem 0xb112f000-0xb112f0ff 64bit]
May 24 12:15:40 Shepherd kernel: [    0.371932] pci 0000:00:1f.4: reg 0x20: [io  0x3040-0x305f]
May 24 12:15:40 Shepherd kernel: [    0.373077] pci 0000:01:00.0: [8086:095a] type 00 class 0x028000
May 24 12:15:40 Shepherd kernel: [    0.373178] pci 0000:01:00.0: reg 0x10: [mem 0xb1000000-0xb1001fff 64bit]
May 24 12:15:40 Shepherd kernel: [    0.373468] pci 0000:01:00.0: PME# supported from D0 D3hot D3cold
May 24 12:15:40 Shepherd kernel: [    0.374007] pci 0000:00:1d.0: PCI bridge to [bus 01]
May 24 12:15:40 Shepherd kernel: [    0.374012] pci 0000:00:1d.0:   bridge window [mem 0xb1000000-0xb10fffff]
May 24 12:15:40 Shepherd kernel: [    0.376167] ACPI: PCI Interrupt Link [LNKA] (IRQs 3 4 5 6 10 *11 12 14 15)
May 24 12:15:40 Shepherd kernel: [    0.376226] ACPI: PCI Interrupt Link [LNKB] (IRQs 3 4 5 6 *10 11 12 14 15)
May 24 12:15:40 Shepherd kernel: [    0.376281] ACPI: PCI Interrupt Link [LNKC] (IRQs 3 4 5 6 10 *11 12 14 15)
May 24 12:15:40 Shepherd kernel: [    0.376337] ACPI: PCI Interrupt Link [LNKD] (IRQs 3 4 5 6 10 *11 12 14 15)
May 24 12:15:40 Shepherd kernel: [    0.376392] ACPI: PCI Interrupt Link [LNKE] (IRQs 3 4 5 6 10 *11 12 14 15)
May 24 12:15:40 Shepherd kernel: [    0.376445] ACPI: PCI Interrupt Link [LNKF] (IRQs 3 4 5 6 10 *11 12 14 15)
May 24 12:15:40 Shepherd kernel: [    0.376498] ACPI: PCI Interrupt Link [LNKG] (IRQs 3 4 5 6 10 *11 12 14 15)
May 24 12:15:40 Shepherd kernel: [    0.376552] ACPI: PCI Interrupt Link [LNKH] (IRQs 3 4 5 6 10 *11 12 14 15)
May 24 12:15:40 Shepherd kernel: [    0.377033] ACPI: EC: interrupt unblocked
May 24 12:15:40 Shepherd kernel: [    0.377057] ACPI: EC: event unblocked
May 24 12:15:40 Shepherd kernel: [    0.377070] ACPI: \_SB_.PCI0.LPCB.EC0_: GPE=0x50, EC_CMD/EC_SC=0x66, EC_DATA=0x62
May 24 12:15:40 Shepherd kernel: [    0.377071] ACPI: \_SB_.PCI0.LPCB.EC0_: Used as boot DSDT EC to handle transactions and events
May 24 12:15:40 Shepherd kernel: [    0.377171] pci 0000:00:02.0: vgaarb: setting as boot VGA device
May 24 12:15:40 Shepherd kernel: [    0.377171] pci 0000:00:02.0: vgaarb: VGA device added: decodes=io+mem,owns=io+mem,locks=none
May 24 12:15:40 Shepherd kernel: [    0.377171] pci 0000:00:02.0: vgaarb: bridge control possible
May 24 12:15:40 Shepherd kernel: [    0.377171] vgaarb: loaded
May 24 12:15:40 Shepherd kernel: [    0.377171] pps_core: LinuxPPS API ver. 1 registered
May 24 12:15:40 Shepherd kernel: [    0.377171] pps_core: Software ver. 5.3.6 - Copyright 2005-2007 Rodolfo Giometti <giometti@linux.it>
May 24 12:15:40 Shepherd kernel: [    0.377171] PTP clock support registered
May 24 12:15:40 Shepherd kernel: [    0.377171] EDAC MC: Ver: 3.0.0
May 24 12:15:40 Shepherd kernel: [    0.377171] Registered efivars operations
May 24 12:15:40 Shepherd kernel: [    0.377171] PCI: Using ACPI for IRQ routing
May 24 12:15:40 Shepherd kernel: [    0.406519] PCI: pci_cache_line_size set to 64 bytes
May 24 12:15:40 Shepherd kernel: [    0.406904] e820: reserve RAM buffer [mem 0x00058000-0x0005ffff]
May 24 12:15:40 Shepherd kernel: [    0.406905] e820: reserve RAM buffer [mem 0x0009e000-0x0009ffff]
May 24 12:15:40 Shepherd kernel: [    0.406905] e820: reserve RAM buffer [mem 0x7192b000-0x73ffffff]
May 24 12:15:40 Shepherd kernel: [    0.406906] e820: reserve RAM buffer [mem 0x73388000-0x73ffffff]
May 24 12:15:40 Shepherd kernel: [    0.406907] e820: reserve RAM buffer [mem 0x7a536000-0x7bffffff]
May 24 12:15:40 Shepherd kernel: [    0.406908] e820: reserve RAM buffer [mem 0x89e9e000-0x8bffffff]
May 24 12:15:40 Shepherd kernel: [    0.406909] e820: reserve RAM buffer [mem 0x8afff000-0x8bffffff]
May 24 12:15:40 Shepherd kernel: [    0.406910] e820: reserve RAM buffer [mem 0x16f000000-0x16fffffff]
May 24 12:15:40 Shepherd kernel: [    0.406995] hpet0: at MMIO 0xfed00000, IRQs 2, 8, 0, 0, 0, 0, 0, 0
May 24 12:15:40 Shepherd kernel: [    0.406995] hpet0: 8 comparators, 64-bit 24.000000 MHz counter
May 24 12:15:40 Shepherd kernel: [    0.409028] clocksource: Switched to clocksource tsc-early
May 24 12:15:40 Shepherd kernel: [    0.416832] VFS: Disk quotas dquot_6.6.0
May 24 12:15:40 Shepherd kernel: [    0.416846] VFS: Dquot-cache hash table entries: 512 (order 0, 4096 bytes)
May 24 12:15:40 Shepherd kernel: [    0.416938] AppArmor: AppArmor Filesystem Enabled
May 24 12:15:40 Shepherd kernel: [    0.416953] pnp: PnP ACPI init
May 24 12:15:40 Shepherd kernel: [    0.417152] system 00:00: [mem 0xfd000000-0xfdabffff] has been reserved
May 24 12:15:40 Shepherd kernel: [    0.417153] system 00:00: [mem 0xfdad0000-0xfdadffff] has been reserved
May 24 12:15:40 Shepherd kernel: [    0.417155] system 00:00: [mem 0xfdb00000-0xfdffffff] has been reserved
May 24 12:15:40 Shepherd kernel: [    0.417156] system 00:00: [mem 0xfe000000-0xfe01ffff] has been reserved
May 24 12:15:40 Shepherd kernel: [    0.417157] system 00:00: [mem 0xfe036000-0xfe03bfff] has been reserved
May 24 12:15:40 Shepherd kernel: [    0.417158] system 00:00: [mem 0xfe03d000-0xfe3fffff] has been reserved
May 24 12:15:40 Shepherd kernel: [    0.417160] system 00:00: [mem 0xfe410000-0xfe7fffff] has been reserved
May 24 12:15:40 Shepherd kernel: [    0.417165] system 00:00: Plug and Play ACPI device, IDs PNP0c02 (active)
May 24 12:15:40 Shepherd kernel: [    0.417490] system 00:01: [io  0x2000-0x20fe] has been reserved
May 24 12:15:40 Shepherd kernel: [    0.417494] system 00:01: Plug and Play ACPI device, IDs PNP0c02 (active)
May 24 12:15:40 Shepherd kernel: [    0.417638] system 00:02: [io  0x0680-0x069f] has been reserved
May 24 12:15:40 Shepherd kernel: [    0.417640] system 00:02: [io  0xffff] has been reserved
May 24 12:15:40 Shepherd kernel: [    0.417641] system 00:02: [io  0xffff] has been reserved
May 24 12:15:40 Shepherd kernel: [    0.417642] system 00:02: [io  0xffff] has been reserved
May 24 12:15:40 Shepherd kernel: [    0.417643] system 00:02: [io  0x1800-0x18fe] has been reserved
May 24 12:15:40 Shepherd kernel: [    0.417644] system 00:02: [io  0x164e-0x164f] has been reserved
May 24 12:15:40 Shepherd kernel: [    0.417647] system 00:02: Plug and Play ACPI device, IDs PNP0c02 (active)
May 24 12:15:40 Shepherd kernel: [    0.417749] pnp 00:03: Plug and Play ACPI device, IDs PNP0b00 (active)
May 24 12:15:40 Shepherd kernel: [    0.417783] system 00:04: [io  0x1854-0x1857] has been reserved
May 24 12:15:40 Shepherd kernel: [    0.417786] system 00:04: Plug and Play ACPI device, IDs INT3f0d PNP0c02 (active)
May 24 12:15:40 Shepherd kernel: [    0.417828] pnp 00:05: Plug and Play ACPI device, IDs PNP0303 (active)
May 24 12:15:40 Shepherd kernel: [    0.419093] system 00:06: [mem 0xfdaf0000-0xfdafffff] has been reserved
May 24 12:15:40 Shepherd kernel: [    0.419094] system 00:06: [mem 0xfdae0000-0xfdaeffff] has been reserved
May 24 12:15:40 Shepherd kernel: [    0.419095] system 00:06: [mem 0xfdac0000-0xfdacffff] has been reserved
May 24 12:15:40 Shepherd kernel: [    0.419098] system 00:06: Plug and Play ACPI device, IDs PNP0c02 (active)
May 24 12:15:40 Shepherd kernel: [    0.419732] system 00:07: [mem 0xfed10000-0xfed17fff] has been reserved
May 24 12:15:40 Shepherd kernel: [    0.419733] system 00:07: [mem 0xfed18000-0xfed18fff] has been reserved
May 24 12:15:40 Shepherd kernel: [    0.419734] system 00:07: [mem 0xfed19000-0xfed19fff] has been reserved
May 24 12:15:40 Shepherd kernel: [    0.419736] system 00:07: [mem 0xe0000000-0xefffffff] has been reserved
May 24 12:15:40 Shepherd kernel: [    0.419737] system 00:07: [mem 0xfed20000-0xfed3ffff] has been reserved
May 24 12:15:40 Shepherd kernel: [    0.419738] system 00:07: [mem 0xfed90000-0xfed93fff] could not be reserved
May 24 12:15:40 Shepherd kernel: [    0.419739] system 00:07: [mem 0xfed45000-0xfed8ffff] could not be reserved
May 24 12:15:40 Shepherd kernel: [    0.419741] system 00:07: [mem 0xff000000-0xffffffff] could not be reserved
May 24 12:15:40 Shepherd kernel: [    0.419742] system 00:07: [mem 0xfee00000-0xfeefffff] could not be reserved
May 24 12:15:40 Shepherd kernel: [    0.419743] system 00:07: [mem 0x90000000-0x9001ffff] has been reserved
May 24 12:15:40 Shepherd kernel: [    0.419746] system 00:07: Plug and Play ACPI device, IDs PNP0c02 (active)
May 24 12:15:40 Shepherd kernel: [    0.420106] pnp: PnP ACPI: found 8 devices
May 24 12:15:40 Shepherd kernel: [    0.425733] clocksource: acpi_pm: mask: 0xffffff max_cycles: 0xffffff, max_idle_ns: 2085701024 ns
May 24 12:15:40 Shepherd kernel: [    0.425754] pci 0000:00:1d.0: PCI bridge to [bus 01]
May 24 12:15:40 Shepherd kernel: [    0.425766] pci 0000:00:1d.0:   bridge window [mem 0xb1000000-0xb10fffff]
May 24 12:15:40 Shepherd kernel: [    0.425773] pci_bus 0000:00: resource 4 [io  0x0000-0x0cf7 window]
May 24 12:15:40 Shepherd kernel: [    0.425775] pci_bus 0000:00: resource 5 [io  0x0d00-0xffff window]
May 24 12:15:40 Shepherd kernel: [    0.425776] pci_bus 0000:00: resource 6 [mem 0x000a0000-0x000bffff window]
May 24 12:15:40 Shepherd kernel: [    0.425777] pci_bus 0000:00: resource 7 [mem 0x000c0000-0x000c3fff window]
May 24 12:15:40 Shepherd kernel: [    0.425778] pci_bus 0000:00: resource 8 [mem 0x000c4000-0x000c7fff window]
May 24 12:15:40 Shepherd kernel: [    0.425779] pci_bus 0000:00: resource 9 [mem 0x000c8000-0x000cbfff window]
May 24 12:15:40 Shepherd kernel: [    0.425780] pci_bus 0000:00: resource 10 [mem 0x000cc000-0x000cffff window]
May 24 12:15:40 Shepherd kernel: [    0.425781] pci_bus 0000:00: resource 11 [mem 0x000d0000-0x000d3fff window]
May 24 12:15:40 Shepherd kernel: [    0.425782] pci_bus 0000:00: resource 12 [mem 0x000d4000-0x000d7fff window]
May 24 12:15:40 Shepherd kernel: [    0.425783] pci_bus 0000:00: resource 13 [mem 0x000d8000-0x000dbfff window]
May 24 12:15:40 Shepherd kernel: [    0.425784] pci_bus 0000:00: resource 14 [mem 0x000dc000-0x000dffff window]
May 24 12:15:40 Shepherd kernel: [    0.425785] pci_bus 0000:00: resource 15 [mem 0x000e0000-0x000e3fff window]
May 24 12:15:40 Shepherd kernel: [    0.425785] pci_bus 0000:00: resource 16 [mem 0x000e4000-0x000e7fff window]
May 24 12:15:40 Shepherd kernel: [    0.425786] pci_bus 0000:00: resource 17 [mem 0x000e8000-0x000ebfff window]
May 24 12:15:40 Shepherd kernel: [    0.425787] pci_bus 0000:00: resource 18 [mem 0x000ec000-0x000effff window]
May 24 12:15:40 Shepherd kernel: [    0.425788] pci_bus 0000:00: resource 19 [mem 0x000f0000-0x000fffff window]
May 24 12:15:40 Shepherd kernel: [    0.425789] pci_bus 0000:00: resource 20 [mem 0x90000000-0xdfffffff window]
May 24 12:15:40 Shepherd kernel: [    0.425790] pci_bus 0000:00: resource 21 [mem 0xfd000000-0xfe7fffff window]
May 24 12:15:40 Shepherd kernel: [    0.425791] pci_bus 0000:01: resource 1 [mem 0xb1000000-0xb10fffff]
May 24 12:15:40 Shepherd kernel: [    0.425933] NET: Registered protocol family 2
May 24 12:15:40 Shepherd kernel: [    0.426091] tcp_listen_portaddr_hash hash table entries: 2048 (order: 3, 32768 bytes)
May 24 12:15:40 Shepherd kernel: [    0.426106] TCP established hash table entries: 32768 (order: 6, 262144 bytes)
May 24 12:15:40 Shepherd kernel: [    0.426153] TCP bind hash table entries: 32768 (order: 7, 524288 bytes)
May 24 12:15:40 Shepherd kernel: [    0.426205] TCP: Hash tables configured (established 32768 bind 32768)
May 24 12:15:40 Shepherd kernel: [    0.426229] UDP hash table entries: 2048 (order: 4, 65536 bytes)
May 24 12:15:40 Shepherd kernel: [    0.426239] UDP-Lite hash table entries: 2048 (order: 4, 65536 bytes)
May 24 12:15:40 Shepherd kernel: [    0.426282] NET: Registered protocol family 1
May 24 12:15:40 Shepherd kernel: [    0.426286] NET: Registered protocol family 44
May 24 12:15:40 Shepherd kernel: [    0.426297] pci 0000:00:02.0: Video device with shadowed ROM at [mem 0x000c0000-0x000dffff]
May 24 12:15:40 Shepherd kernel: [    0.428227] PCI: CLS 64 bytes, default 64
May 24 12:15:40 Shepherd kernel: [    0.428264] Unpacking initramfs...
May 24 12:15:40 Shepherd kernel: [    1.046621] Freeing initrd memory: 35248K
May 24 12:15:40 Shepherd kernel: [    1.046671] DMAR: ACPI device "device:71" under DMAR at fed91000 as 00:15.0
May 24 12:15:40 Shepherd kernel: [    1.046674] DMAR: ACPI device "device:72" under DMAR at fed91000 as 00:15.1
May 24 12:15:40 Shepherd kernel: [    1.064062] PCI-DMA: Using software bounce buffering for IO (SWIOTLB)
May 24 12:15:40 Shepherd kernel: [    1.064069] software IO TLB: mapped [mem 0x858ee000-0x898ee000] (64MB)
May 24 12:15:40 Shepherd kernel: [    1.064120] clocksource: tsc: mask: 0xffffffffffffffff max_cycles: 0x2135f7c97c8, max_idle_ns: 440795273205 ns
May 24 12:15:40 Shepherd kernel: [    1.064131] clocksource: Switched to clocksource tsc
May 24 12:15:40 Shepherd kernel: [    1.064779] Initialise system trusted keyrings
May 24 12:15:40 Shepherd kernel: [    1.064789] Key type blacklist registered
May 24 12:15:40 Shepherd kernel: [    1.064828] workingset: timestamp_bits=40 max_order=20 bucket_order=0
May 24 12:15:40 Shepherd kernel: [    1.065903] zbud: loaded
May 24 12:15:40 Shepherd kernel: [    1.216570] Key type asymmetric registered
May 24 12:15:40 Shepherd kernel: [    1.216572] Asymmetric key parser 'x509' registered
May 24 12:15:40 Shepherd kernel: [    1.216584] Block layer SCSI generic (bsg) driver version 0.4 loaded (major 247)
May 24 12:15:40 Shepherd kernel: [    1.216614] io scheduler noop registered
May 24 12:15:40 Shepherd kernel: [    1.216615] io scheduler deadline registered
May 24 12:15:40 Shepherd kernel: [    1.216648] io scheduler cfq registered (default)
May 24 12:15:40 Shepherd kernel: [    1.216649] io scheduler mq-deadline registered
May 24 12:15:40 Shepherd kernel: [    1.217031] pcieport 0000:00:1d.0: Signaling PME with IRQ 122
May 24 12:15:40 Shepherd kernel: [    1.217071] pcieport 0000:00:1d.0: AER enabled with IRQ 122
May 24 12:15:40 Shepherd kernel: [    1.217128] shpchp: Standard Hot Plug PCI Controller Driver version: 0.4
May 24 12:15:40 Shepherd kernel: [    1.217143] efifb: probing for efifb
May 24 12:15:40 Shepherd kernel: [    1.217158] efifb: framebuffer at 0xa0000000, using 8128k, total 8128k
May 24 12:15:40 Shepherd kernel: [    1.217159] efifb: mode is 1920x1080x32, linelength=7680, pages=1
May 24 12:15:40 Shepherd kernel: [    1.217159] efifb: scrolling: redraw
May 24 12:15:40 Shepherd kernel: [    1.217160] efifb: Truecolor: size=8:8:8:8, shift=24:16:8:0
May 24 12:15:40 Shepherd kernel: [    1.221374] Console: switching to colour frame buffer device 240x67
May 24 12:15:40 Shepherd kernel: [    1.225451] fb0: EFI VGA frame buffer device
May 24 12:15:40 Shepherd kernel: [    1.225459] intel_idle: MWAIT substates: 0x11142120
May 24 12:15:40 Shepherd kernel: [    1.225460] intel_idle: v0.4.1 model 0x8E
May 24 12:15:40 Shepherd kernel: [    1.225637] intel_idle: lapic_timer_reliable_states 0xffffffff
May 24 12:15:40 Shepherd kernel: [    1.226357] Serial: 8250/16550 driver, 4 ports, IRQ sharing enabled
May 24 12:15:40 Shepherd kernel: [    1.226826] Linux agpgart interface v0.103
May 24 12:15:40 Shepherd kernel: [    1.226867] AMD IOMMUv2 driver by Joerg Roedel <jroedel@suse.de>
May 24 12:15:40 Shepherd kernel: [    1.226868] AMD IOMMUv2 functionality not available on this system
May 24 12:15:40 Shepherd kernel: [    1.227124] i8042: PNP: PS/2 Controller [PNP0303:PS2K] at 0x60,0x64 irq 1
May 24 12:15:40 Shepherd kernel: [    1.227125] i8042: PNP: PS/2 appears to have AUX port disabled, if this is incorrect please boot with i8042.nopnp
May 24 12:15:40 Shepherd kernel: [    1.228549] serio: i8042 KBD port at 0x60,0x64 irq 1
May 24 12:15:40 Shepherd kernel: [    1.228714] mousedev: PS/2 mouse device common for all mice
May 24 12:15:40 Shepherd kernel: [    1.228762] rtc_cmos 00:03: RTC can wake from S4
May 24 12:15:40 Shepherd kernel: [    1.229315] rtc_cmos 00:03: registered as rtc0
May 24 12:15:40 Shepherd kernel: [    1.229334] rtc_cmos 00:03: alarms up to one month, y3k, 242 bytes nvram, hpet irqs
May 24 12:15:40 Shepherd kernel: [    1.229343] intel_pstate: Intel P-state driver initializing
May 24 12:15:40 Shepherd kernel: [    1.229611] intel_pstate: HWP enabled
May 24 12:15:40 Shepherd kernel: [    1.229636] ledtrig-cpu: registered to indicate activity on CPUs
May 24 12:15:40 Shepherd kernel: [    1.229955] NET: Registered protocol family 10
May 24 12:15:40 Shepherd kernel: [    1.235395] input: AT Translated Set 2 keyboard as /devices/platform/i8042/serio0/input/input0
May 24 12:15:40 Shepherd kernel: [    1.236513] Segment Routing with IPv6
May 24 12:15:40 Shepherd kernel: [    1.236533] mip6: Mobile IPv6
May 24 12:15:40 Shepherd kernel: [    1.236534] NET: Registered protocol family 17
May 24 12:15:40 Shepherd kernel: [    1.236627] mpls_gso: MPLS GSO support
May 24 12:15:40 Shepherd kernel: [    1.236896] mce: Using 8 MCE banks
May 24 12:15:40 Shepherd kernel: [    1.236929] microcode: sig=0x806e9, pf=0x80, revision=0x70
May 24 12:15:40 Shepherd kernel: [    1.236977] microcode: Microcode Update Driver: v2.2.
May 24 12:15:40 Shepherd kernel: [    1.236986] sched_clock: Marking stable (1236514880, 457507)->(1242263490, -5291103)
May 24 12:15:40 Shepherd kernel: [    1.237165] registered taskstats version 1
May 24 12:15:40 Shepherd kernel: [    1.237165] Loading compiled-in X.509 certificates
May 24 12:15:40 Shepherd kernel: [    1.270628] Loaded X.509 cert 'Debian Secure Boot CA: 6ccece7e4c6c0d1f6149f3dd27dfcc5cbb419ea1'
May 24 12:15:40 Shepherd kernel: [    1.270642] Loaded X.509 cert 'Debian Secure Boot Signer: 00a7468def'
May 24 12:15:40 Shepherd kernel: [    1.271586] zswap: loaded using pool lzo/zbud
May 24 12:15:40 Shepherd kernel: [    1.271725] AppArmor: AppArmor sha1 policy hashing enabled
May 24 12:15:40 Shepherd kernel: [    1.272656] rtc_cmos 00:03: setting system clock to 2020-05-24 12:15:36 UTC (1590322536)
May 24 12:15:40 Shepherd kernel: [    1.273857] Freeing unused kernel image memory: 1588K
May 24 12:15:40 Shepherd kernel: [    1.300357] Write protecting the kernel read-only data: 16384k
May 24 12:15:40 Shepherd kernel: [    1.300909] Freeing unused kernel image memory: 2028K
May 24 12:15:40 Shepherd kernel: [    1.301066] Freeing unused kernel image memory: 780K
May 24 12:15:40 Shepherd kernel: [    1.308473] x86/mm: Checked W+X mappings: passed, no W+X pages found.
May 24 12:15:40 Shepherd kernel: [    1.308475] x86/mm: Checking user space page tables
May 24 12:15:40 Shepherd kernel: [    1.315670] x86/mm: Checked W+X mappings: passed, no W+X pages found.
May 24 12:15:40 Shepherd kernel: [    1.315671] Run /init as init process
May 24 12:15:40 Shepherd kernel: [    1.377820] acpi PNP0C14:02: duplicate WMI GUID 05901221-D566-11D1-B2F0-00A0C9062910 (first instance was on PNP0C14:00)
May 24 12:15:40 Shepherd kernel: [    1.386890] input: Lid Switch as /devices/LNXSYSTM:00/LNXSYBUS:00/PNP0C0D:00/input/input1
May 24 12:15:40 Shepherd kernel: [    1.386900] ACPI: Lid Switch [LID]
May 24 12:15:40 Shepherd kernel: [    1.392189] input: Power Button as /devices/LNXSYSTM:00/LNXSYBUS:00/PNP0C0C:00/input/input2
May 24 12:15:40 Shepherd kernel: [    1.392201] ACPI: Power Button [PWRB]
May 24 12:15:40 Shepherd kernel: [    1.392787] hidraw: raw HID events driver (C) Jiri Kosina
May 24 12:15:40 Shepherd kernel: [    1.393617] input: Sleep Button as /devices/LNXSYSTM:00/LNXSYBUS:00/PNP0C0E:00/input/input3
May 24 12:15:40 Shepherd kernel: [    1.393627] ACPI: Sleep Button [SLPB]
May 24 12:15:40 Shepherd kernel: [    1.395886] thermal LNXTHERM:00: registered as thermal_zone0
May 24 12:15:40 Shepherd kernel: [    1.395888] ACPI: Thermal Zone [THRM] (27 C)
May 24 12:15:40 Shepherd kernel: [    1.408664] ACPI: bus type USB registered
May 24 12:15:40 Shepherd kernel: [    1.408701] usbcore: registered new interface driver usbfs
May 24 12:15:40 Shepherd kernel: [    1.408712] usbcore: registered new interface driver hub
May 24 12:15:40 Shepherd kernel: [    1.408740] usbcore: registered new device driver usb
May 24 12:15:40 Shepherd kernel: [    1.409153] i801_smbus 0000:00:1f.4: SMBus using PCI interrupt
May 24 12:15:40 Shepherd kernel: [    1.415618] intel-lpss 0000:00:15.0: enabling device (0000 -> 0002)
May 24 12:15:40 Shepherd kernel: [    1.416737] cryptd: max_cpu_qlen set to 1000
May 24 12:15:40 Shepherd kernel: [    1.423503] xhci_hcd 0000:00:14.0: xHCI Host Controller
May 24 12:15:40 Shepherd kernel: [    1.423509] xhci_hcd 0000:00:14.0: new USB bus registered, assigned bus number 1
May 24 12:15:40 Shepherd kernel: [    1.424608] xhci_hcd 0000:00:14.0: hcc params 0x200077c1 hci version 0x100 quirks 0x0000000081109810
May 24 12:15:40 Shepherd kernel: [    1.431592] SSE version of gcm_enc/dec engaged.
May 24 12:15:40 Shepherd kernel: [    1.432029] xhci_hcd 0000:00:14.0: cache line size of 64 is not supported
May 24 12:15:40 Shepherd kernel: [    1.432310] usb usb1: New USB device found, idVendor=1d6b, idProduct=0002, bcdDevice= 4.19
May 24 12:15:40 Shepherd kernel: [    1.432312] usb usb1: New USB device strings: Mfr=3, Product=2, SerialNumber=1
May 24 12:15:40 Shepherd kernel: [    1.432313] usb usb1: Product: xHCI Host Controller
May 24 12:15:40 Shepherd kernel: [    1.432314] usb usb1: Manufacturer: Linux 4.19.0-9-amd64 xhci-hcd
May 24 12:15:40 Shepherd kernel: [    1.432316] usb usb1: SerialNumber: 0000:00:14.0
May 24 12:15:40 Shepherd kernel: [    1.434553] hub 1-0:1.0: USB hub found
May 24 12:15:40 Shepherd kernel: [    1.434578] hub 1-0:1.0: 12 ports detected
May 24 12:15:40 Shepherd kernel: [    1.444667] intel-lpss 0000:00:15.1: enabling device (0000 -> 0002)
May 24 12:15:40 Shepherd kernel: [    1.445273] xhci_hcd 0000:00:14.0: xHCI Host Controller
May 24 12:15:40 Shepherd kernel: [    1.445278] xhci_hcd 0000:00:14.0: new USB bus registered, assigned bus number 2
May 24 12:15:40 Shepherd kernel: [    1.445282] xhci_hcd 0000:00:14.0: Host supports USB 3.0 SuperSpeed
May 24 12:15:40 Shepherd kernel: [    1.445354] usb usb2: New USB device found, idVendor=1d6b, idProduct=0003, bcdDevice= 4.19
May 24 12:15:40 Shepherd kernel: [    1.445356] usb usb2: New USB device strings: Mfr=3, Product=2, SerialNumber=1
May 24 12:15:40 Shepherd kernel: [    1.445357] usb usb2: Product: xHCI Host Controller
May 24 12:15:40 Shepherd kernel: [    1.445359] usb usb2: Manufacturer: Linux 4.19.0-9-amd64 xhci-hcd
May 24 12:15:40 Shepherd kernel: [    1.445360] usb usb2: SerialNumber: 0000:00:14.0
May 24 12:15:40 Shepherd kernel: [    1.445722] hub 2-0:1.0: USB hub found
May 24 12:15:40 Shepherd kernel: [    1.445740] hub 2-0:1.0: 4 ports detected
May 24 12:15:40 Shepherd kernel: [    1.447572] SCSI subsystem initialized
May 24 12:15:40 Shepherd kernel: [    1.466109] libata version 3.00 loaded.
May 24 12:15:40 Shepherd kernel: [    1.470696] ahci 0000:00:17.0: version 3.0
May 24 12:15:40 Shepherd kernel: [    1.491684] ahci 0000:00:17.0: AHCI 0001.0301 32 slots 2 ports 6 Gbps 0x3 impl SATA mode
May 24 12:15:40 Shepherd kernel: [    1.491687] ahci 0000:00:17.0: flags: 64bit ncq pm led clo only pio slum part deso sadm sds apst 
May 24 12:15:40 Shepherd kernel: [    1.505175] scsi host0: ahci
May 24 12:15:40 Shepherd kernel: [    1.505469] scsi host1: ahci
May 24 12:15:40 Shepherd kernel: [    1.505553] ata1: SATA max UDMA/133 abar m2048@0xb112e000 port 0xb112e100 irq 124
May 24 12:15:40 Shepherd kernel: [    1.505558] ata2: SATA max UDMA/133 abar m2048@0xb112e000 port 0xb112e180 irq 124
May 24 12:15:40 Shepherd kernel: [    1.510867] i2c_hid i2c-ELAN0501:00: i2c-ELAN0501:00 supply vdd not found, using dummy regulator
May 24 12:15:40 Shepherd kernel: [    1.510887] i2c_hid i2c-ELAN0501:00: Linked as a consumer to regulator.0
May 24 12:15:40 Shepherd kernel: [    1.510888] i2c_hid i2c-ELAN0501:00: i2c-ELAN0501:00 supply vddl not found, using dummy regulator
May 24 12:15:40 Shepherd kernel: [    1.539958] checking generic (a0000000 7f0000) vs hw (a0000000 10000000)
May 24 12:15:40 Shepherd kernel: [    1.539959] fb: switching to inteldrmfb from EFI VGA
May 24 12:15:40 Shepherd kernel: [    1.539983] Console: switching to colour dummy device 80x25
May 24 12:15:40 Shepherd kernel: [    1.540087] [drm] Replacing VGA console driver
May 24 12:15:40 Shepherd kernel: [    1.540714] input: ELAN0501:00 04F3:3060 Mouse as /devices/pci0000:00/0000:00:15.1/i2c_designware.1/i2c-2/i2c-ELAN0501:00/0018:04F3:3060.0001/input/input4
May 24 12:15:40 Shepherd kernel: [    1.540784] input: ELAN0501:00 04F3:3060 Touchpad as /devices/pci0000:00/0000:00:15.1/i2c_designware.1/i2c-2/i2c-ELAN0501:00/0018:04F3:3060.0001/input/input6
May 24 12:15:40 Shepherd kernel: [    1.540829] hid-generic 0018:04F3:3060.0001: input,hidraw0: I2C HID v1.00 Mouse [ELAN0501:00 04F3:3060] on i2c-ELAN0501:00
May 24 12:15:40 Shepherd kernel: [    1.541067] [drm] Supports vblank timestamp caching Rev 2 (21.10.2013).
May 24 12:15:40 Shepherd kernel: [    1.541068] [drm] Driver supports precise vblank timestamp query.
May 24 12:15:40 Shepherd kernel: [    1.541820] i915 0000:00:02.0: vgaarb: changed VGA decodes: olddecodes=io+mem,decodes=io+mem:owns=io+mem
May 24 12:15:40 Shepherd kernel: [    1.541873] i915 0000:00:02.0: firmware: failed to load i915/kbl_dmc_ver1_04.bin (-2)
May 24 12:15:40 Shepherd kernel: [    1.541879] firmware_class: See https://wiki.debian.org/Firmware for information about missing firmware
May 24 12:15:40 Shepherd kernel: [    1.541884] i915 0000:00:02.0: Direct firmware load for i915/kbl_dmc_ver1_04.bin failed with error -2
May 24 12:15:40 Shepherd kernel: [    1.541886] i915 0000:00:02.0: Failed to load DMC firmware i915/kbl_dmc_ver1_04.bin. Disabling runtime power management.
May 24 12:15:40 Shepherd kernel: [    1.541887] i915 0000:00:02.0: DMC firmware homepage: https://git.kernel.org/pub/scm/linux/kernel/git/firmware/linux-firmware.git/tree/i915
May 24 12:15:40 Shepherd kernel: [    1.550454] [drm] Initialized i915 1.6.0 20180719 for 0000:00:02.0 on minor 0
May 24 12:15:40 Shepherd kernel: [    1.552101] ACPI: Video Device [GFX0] (multi-head: yes  rom: no  post: no)
May 24 12:15:40 Shepherd kernel: [    1.552417] input: Video Bus as /devices/LNXSYSTM:00/LNXSYBUS:00/PNP0A08:00/LNXVIDEO:00/input/input7
May 24 12:15:40 Shepherd kernel: [    1.557898] fbcon: inteldrmfb (fb0) is primary device
May 24 12:15:40 Shepherd kernel: [    1.780025] usb 1-6: new full-speed USB device number 2 using xhci_hcd
May 24 12:15:40 Shepherd kernel: [    1.816515] ata1: SATA link down (SStatus 4 SControl 300)
May 24 12:15:40 Shepherd kernel: [    1.820297] ata2: SATA link up 6.0 Gbps (SStatus 133 SControl 300)
May 24 12:15:40 Shepherd kernel: [    1.821992] ata2.00: ATA-10: Micron_1100_MTFDDAV256TBN,  M0MA020, max UDMA/133
May 24 12:15:40 Shepherd kernel: [    1.821995] ata2.00: 500118192 sectors, multi 16: LBA48 NCQ (depth 32), AA
May 24 12:15:40 Shepherd kernel: [    1.824776] ata2.00: configured for UDMA/133
May 24 12:15:40 Shepherd kernel: [    1.835169] ahci 0000:00:17.0: port does not support device sleep
May 24 12:15:40 Shepherd kernel: [    1.835538] scsi 1:0:0:0: Direct-Access     ATA      Micron_1100_MTFD A020 PQ: 0 ANSI: 5
May 24 12:15:40 Shepherd kernel: [    1.930998] usb 1-6: New USB device found, idVendor=8087, idProduct=0a2a, bcdDevice= 0.01
May 24 12:15:40 Shepherd kernel: [    1.931002] usb 1-6: New USB device strings: Mfr=0, Product=0, SerialNumber=0
May 24 12:15:40 Shepherd kernel: [    2.060480] usb 1-7: new high-speed USB device number 3 using xhci_hcd
May 24 12:15:40 Shepherd kernel: [    2.217335] usb 1-7: New USB device found, idVendor=04f2, idProduct=b5f7, bcdDevice=92.26
May 24 12:15:40 Shepherd kernel: [    2.217338] usb 1-7: New USB device strings: Mfr=1, Product=2, SerialNumber=0
May 24 12:15:40 Shepherd kernel: [    2.217341] usb 1-7: Product: HD WebCam
May 24 12:15:40 Shepherd kernel: [    2.217343] usb 1-7: Manufacturer: Chicony Electronics Co.,Ltd.
May 24 12:15:40 Shepherd kernel: [    2.344477] usb 1-8: new high-speed USB device number 4 using xhci_hcd
May 24 12:15:40 Shepherd kernel: [    2.492518] usb 1-8: New USB device found, idVendor=0bda, idProduct=0129, bcdDevice=39.60
May 24 12:15:40 Shepherd kernel: [    2.492521] usb 1-8: New USB device strings: Mfr=1, Product=2, SerialNumber=3
May 24 12:15:40 Shepherd kernel: [    2.492523] usb 1-8: Product: USB2.0-CRW
May 24 12:15:40 Shepherd kernel: [    2.492524] usb 1-8: Manufacturer: Generic
May 24 12:15:40 Shepherd kernel: [    2.492526] usb 1-8: SerialNumber: 20100201396000000
May 24 12:15:40 Shepherd kernel: [    2.499132] usbcore: registered new interface driver rtsx_usb
May 24 12:15:40 Shepherd kernel: [    2.620311] usb 1-9: new full-speed USB device number 5 using xhci_hcd
May 24 12:15:40 Shepherd kernel: [    2.648218] Console: switching to colour frame buffer device 240x67
May 24 12:15:40 Shepherd kernel: [    2.671142] i915 0000:00:02.0: fb0: inteldrmfb frame buffer device
May 24 12:15:40 Shepherd kernel: [    2.693895] ata2.00: Enabling discard_zeroes_data
May 24 12:15:40 Shepherd kernel: [    2.693931] sd 1:0:0:0: [sda] 500118192 512-byte logical blocks: (256 GB/238 GiB)
May 24 12:15:40 Shepherd kernel: [    2.693937] sd 1:0:0:0: [sda] Write Protect is off
May 24 12:15:40 Shepherd kernel: [    2.693939] sd 1:0:0:0: [sda] Mode Sense: 00 3a 00 00
May 24 12:15:40 Shepherd kernel: [    2.693948] sd 1:0:0:0: [sda] Write cache: enabled, read cache: enabled, doesn't support DPO or FUA
May 24 12:15:40 Shepherd kernel: [    2.694116] ata2.00: Enabling discard_zeroes_data
May 24 12:15:40 Shepherd kernel: [    2.699206]  sda: sda1 sda2 sda3 sda4 sda5
May 24 12:15:40 Shepherd kernel: [    2.699658] ata2.00: Enabling discard_zeroes_data
May 24 12:15:40 Shepherd kernel: [    2.699711] sd 1:0:0:0: [sda] Attached SCSI disk
May 24 12:15:40 Shepherd kernel: [    2.777741] usb 1-9: New USB device found, idVendor=1c7a, idProduct=0570, bcdDevice=10.41
May 24 12:15:40 Shepherd kernel: [    2.777744] usb 1-9: New USB device strings: Mfr=1, Product=2, SerialNumber=3
May 24 12:15:40 Shepherd kernel: [    2.777746] usb 1-9: Product: EgisTec Touch Fingerprint Sensor
May 24 12:15:40 Shepherd kernel: [    2.777747] usb 1-9: Manufacturer: EgisTec
May 24 12:15:40 Shepherd kernel: [    2.777749] usb 1-9: SerialNumber: W7046DBA
May 24 12:15:40 Shepherd kernel: [    2.917192] EXT4-fs (sda3): mounted filesystem with ordered data mode. Opts: (null)
May 24 12:15:40 Shepherd kernel: [    3.323751] lp: driver loaded but no devices found
May 24 12:15:40 Shepherd kernel: [    3.325926] EXT4-fs (sda3): re-mounted. Opts: errors=remount-ro
May 24 12:15:40 Shepherd kernel: [    3.330091] ppdev: user-space parallel port driver
May 24 12:15:40 Shepherd kernel: [    3.490659] ACPI: AC Adapter [AC0] (off-line)
May 24 12:15:40 Shepherd kernel: [    3.548411] battery: ACPI: Battery Slot [BAT0] (battery present)
May 24 12:15:40 Shepherd kernel: [    3.592647] idma64 idma64.0: Found Intel integrated DMA 64-bit
May 24 12:15:40 Shepherd kernel: [    3.593211] idma64 idma64.1: Found Intel integrated DMA 64-bit
May 24 12:15:40 Shepherd kernel: [    3.614968] iTCO_vendor_support: vendor-support=0
May 24 12:15:40 Shepherd kernel: [    3.615635] mei_me 0000:00:16.0: enabling device (0000 -> 0002)
May 24 12:15:40 Shepherd kernel: [    3.615664] input: PC Speaker as /devices/platform/pcspkr/input/input8
May 24 12:15:40 Shepherd kernel: [    3.620360] EFI Variables Facility v0.08 2004-May-17
May 24 12:15:40 Shepherd kernel: [    3.622834] iTCO_wdt: Intel TCO WatchDog Timer Driver v1.11
May 24 12:15:40 Shepherd kernel: [    3.622983] iTCO_wdt: Found a Intel PCH TCO device (Version=4, TCOBASE=0x0400)
May 24 12:15:40 Shepherd kernel: [    3.627182] media: Linux media interface: v0.10
May 24 12:15:40 Shepherd kernel: [    3.631699] iTCO_wdt: initialized. heartbeat=30 sec (nowayout=0)
May 24 12:15:40 Shepherd kernel: [    3.688586] RAPL PMU: API unit is 2^-32 Joules, 5 fixed counters, 655360 ms ovfl timer
May 24 12:15:40 Shepherd kernel: [    3.688588] RAPL PMU: hw unit of domain pp0-core 2^-14 Joules
May 24 12:15:40 Shepherd kernel: [    3.688589] RAPL PMU: hw unit of domain package 2^-14 Joules
May 24 12:15:40 Shepherd kernel: [    3.688589] RAPL PMU: hw unit of domain dram 2^-14 Joules
May 24 12:15:40 Shepherd kernel: [    3.688590] RAPL PMU: hw unit of domain pp1-gpu 2^-14 Joules
May 24 12:15:40 Shepherd kernel: [    3.688591] RAPL PMU: hw unit of domain psys 2^-14 Joules
May 24 12:15:40 Shepherd kernel: [    3.717048] sd 1:0:0:0: Attached scsi generic sg0 type 0
May 24 12:15:40 Shepherd kernel: [    3.739715] alg: No test for fips(ansi_cprng) (fips_ansi_cprng)
May 24 12:15:40 Shepherd kernel: [    3.740814] acer_wmi: Acer Laptop ACPI-WMI Extras
May 24 12:15:40 Shepherd kernel: [    3.740847] acer_wmi: Function bitmap for Communication Button: 0x801
May 24 12:15:40 Shepherd kernel: [    3.758048] input: Acer WMI hotkeys as /devices/virtual/input/input9
May 24 12:15:40 Shepherd kernel: [    3.787189] pstore: Using compression: deflate
May 24 12:15:40 Shepherd kernel: [    3.787204] pstore: Registered efi as persistent store backend
May 24 12:15:40 Shepherd kernel: [    3.787653] videodev: Linux video capture interface: v2.00
May 24 12:15:40 Shepherd kernel: [    3.789143] snd_hda_intel 0000:00:1f.3: bound 0000:00:02.0 (ops i915_audio_component_bind_ops [i915])
May 24 12:15:40 Shepherd kernel: [    3.866287] uvcvideo: Found UVC 1.00 device HD WebCam (04f2:b5f7)
May 24 12:15:40 Shepherd kernel: [    3.890544] Intel(R) Wireless WiFi driver for Linux
May 24 12:15:40 Shepherd kernel: [    3.890545] Copyright(c) 2003- 2015 Intel Corporation
May 24 12:15:40 Shepherd kernel: [    3.894342] uvcvideo 1-7:1.0: Entity type for entity Extension 4 was not initialized!
May 24 12:15:40 Shepherd kernel: [    3.894344] uvcvideo 1-7:1.0: Entity type for entity Extension 3 was not initialized!
May 24 12:15:40 Shepherd kernel: [    3.894346] uvcvideo 1-7:1.0: Entity type for entity Processing 2 was not initialized!
May 24 12:15:40 Shepherd kernel: [    3.894348] uvcvideo 1-7:1.0: Entity type for entity Camera 1 was not initialized!
May 24 12:15:40 Shepherd kernel: [    3.894426] input: HD WebCam: HD WebCam as /devices/pci0000:00/0000:00:14.0/usb1/1-7/1-7:1.0/input/input10
May 24 12:15:40 Shepherd kernel: [    3.894498] usbcore: registered new interface driver uvcvideo
May 24 12:15:40 Shepherd kernel: [    3.894498] USB Video Class driver (1.1.1)
May 24 12:15:40 Shepherd kernel: [    3.955932] Bluetooth: Core ver 2.22
May 24 12:15:40 Shepherd kernel: [    3.955945] NET: Registered protocol family 31
May 24 12:15:40 Shepherd kernel: [    3.955946] Bluetooth: HCI device and connection manager initialized
May 24 12:15:40 Shepherd kernel: [    3.955950] Bluetooth: HCI socket layer initialized
May 24 12:15:40 Shepherd kernel: [    3.955952] Bluetooth: L2CAP socket layer initialized
May 24 12:15:40 Shepherd kernel: [    3.955957] Bluetooth: SCO socket layer initialized
May 24 12:15:40 Shepherd kernel: [    3.985610] iwlwifi 0000:01:00.0: firmware: direct-loading firmware iwlwifi-7265D-29.ucode
May 24 12:15:40 Shepherd kernel: [    3.985940] iwlwifi 0000:01:00.0: loaded firmware version 29.1044073957.0 op_mode iwlmvm
May 24 12:15:40 Shepherd kernel: [    3.993183] snd_hda_codec_realtek hdaudioC0D0: autoconfig for ALC255: line_outs=1 (0x14/0x0/0x0/0x0/0x0) type:speaker
May 24 12:15:40 Shepherd kernel: [    3.993186] snd_hda_codec_realtek hdaudioC0D0:    speaker_outs=0 (0x0/0x0/0x0/0x0/0x0)
May 24 12:15:40 Shepherd kernel: [    3.993188] snd_hda_codec_realtek hdaudioC0D0:    hp_outs=1 (0x21/0x0/0x0/0x0/0x0)
May 24 12:15:40 Shepherd kernel: [    3.993189] snd_hda_codec_realtek hdaudioC0D0:    mono: mono_out=0x0
May 24 12:15:40 Shepherd kernel: [    3.993190] snd_hda_codec_realtek hdaudioC0D0:    inputs:
May 24 12:15:40 Shepherd kernel: [    3.993192] snd_hda_codec_realtek hdaudioC0D0:      Headset Mic=0x19
May 24 12:15:40 Shepherd kernel: [    3.993194] snd_hda_codec_realtek hdaudioC0D0:      Internal Mic=0x12
May 24 12:15:40 Shepherd kernel: [    4.007623] input: ELAN0501:00 04F3:3060 Touchpad as /devices/pci0000:00/0000:00:15.1/i2c_designware.1/i2c-2/i2c-ELAN0501:00/0018:04F3:3060.0001/input/input13
May 24 12:15:40 Shepherd kernel: [    4.014639] hid-multitouch 0018:04F3:3060.0001: input,hidraw0: I2C HID v1.00 Mouse [ELAN0501:00 04F3:3060] on i2c-ELAN0501:00
May 24 12:15:40 Shepherd kernel: [    4.088437] usbcore: registered new interface driver btusb
May 24 12:15:40 Shepherd kernel: [    4.111937] Bluetooth: hci0: read Intel version: 370810011003110e00
May 24 12:15:40 Shepherd kernel: [    4.128387] dcdbas dcdbas: Dell Systems Management Base Driver (version 5.6.0-3.2)
May 24 12:15:40 Shepherd kernel: [    4.135542] bluetooth hci0: firmware: direct-loading firmware intel/ibt-hw-37.8.10-fw-1.10.3.11.e.bseq
May 24 12:15:40 Shepherd kernel: [    4.135548] Bluetooth: hci0: Intel Bluetooth firmware file: intel/ibt-hw-37.8.10-fw-1.10.3.11.e.bseq
May 24 12:15:40 Shepherd kernel: [    4.159773] dell_smbios: Unable to run on non-Dell system
May 24 12:15:40 Shepherd kernel: [    4.204395] snd_hda_codec_realtek hdaudioC0D0: Failed to find dell wmi symbol dell_micmute_led_set
May 24 12:15:40 Shepherd kernel: [    4.235434] intel_rapl: Found RAPL domain package
May 24 12:15:40 Shepherd kernel: [    4.235436] intel_rapl: Found RAPL domain core
May 24 12:15:40 Shepherd kernel: [    4.235437] intel_rapl: Found RAPL domain uncore
May 24 12:15:40 Shepherd kernel: [    4.235438] intel_rapl: Found RAPL domain dram
May 24 12:15:40 Shepherd kernel: [    4.235733] iwlwifi 0000:01:00.0: Detected Intel(R) Dual Band Wireless AC 7265, REV=0x210
May 24 12:15:40 Shepherd kernel: [    4.255964] iwlwifi 0000:01:00.0: base HW address: 74:e5:f9:63:1b:04
May 24 12:15:40 Shepherd kernel: [    4.290906] input: HDA Digital PCBeep as /devices/pci0000:00/0000:00:1f.3/sound/card0/input14
May 24 12:15:40 Shepherd kernel: [    4.292760] input: HDA Intel PCH Front Headphone as /devices/pci0000:00/0000:00:1f.3/sound/card0/input15
May 24 12:15:40 Shepherd kernel: [    4.292825] input: HDA Intel PCH HDMI/DP,pcm=3 as /devices/pci0000:00/0000:00:1f.3/sound/card0/input16
May 24 12:15:40 Shepherd kernel: [    4.292880] input: HDA Intel PCH HDMI/DP,pcm=7 as /devices/pci0000:00/0000:00:1f.3/sound/card0/input17
May 24 12:15:40 Shepherd kernel: [    4.292939] input: HDA Intel PCH HDMI/DP,pcm=8 as /devices/pci0000:00/0000:00:1f.3/sound/card0/input18
May 24 12:15:40 Shepherd kernel: [    4.374701] ieee80211 phy0: Selected rate control algorithm 'iwl-mvm-rs'
May 24 12:15:40 Shepherd kernel: [    4.375829] thermal thermal_zone3: failed to read out thermal zone (-61)
May 24 12:15:40 Shepherd kernel: [    4.388699] iwlwifi 0000:01:00.0 wlp1s0: renamed from wlan0
May 24 12:15:40 Shepherd kernel: [    4.438956] Bluetooth: hci0: unexpected event for opcode 0xfc2f
May 24 12:15:40 Shepherd kernel: [    4.455973] Bluetooth: hci0: Intel firmware patch completed and activated
May 24 12:15:40 Shepherd kernel: [    4.616885] EXT4-fs (sda5): mounted filesystem with ordered data mode. Opts: (null)
May 24 12:15:40 Shepherd kernel: [    5.142653] audit: type=1400 audit(1590315340.366:2): apparmor="STATUS" operation="profile_load" profile="unconfined" name="/usr/bin/man" pid=477 comm="apparmor_parser"
May 24 12:15:40 Shepherd kernel: [    5.142663] audit: type=1400 audit(1590315340.366:3): apparmor="STATUS" operation="profile_load" profile="unconfined" name="man_filter" pid=477 comm="apparmor_parser"
May 24 12:15:40 Shepherd kernel: [    5.142669] audit: type=1400 audit(1590315340.366:4): apparmor="STATUS" operation="profile_load" profile="unconfined" name="man_groff" pid=477 comm="apparmor_parser"
May 24 12:15:40 Shepherd kernel: [    5.147480] audit: type=1400 audit(1590315340.370:5): apparmor="STATUS" operation="profile_load" profile="unconfined" name="/usr/sbin/cups-browsed" pid=475 comm="apparmor_parser"
May 24 12:15:40 Shepherd kernel: [    5.148978] audit: type=1400 audit(1590315340.374:6): apparmor="STATUS" operation="profile_load" profile="unconfined" name="nvidia_modprobe" pid=481 comm="apparmor_parser"
May 24 12:15:40 Shepherd kernel: [    5.148987] audit: type=1400 audit(1590315340.374:7): apparmor="STATUS" operation="profile_load" profile="unconfined" name="nvidia_modprobe//kmod" pid=481 comm="apparmor_parser"
May 24 12:15:40 Shepherd kernel: [    5.155921] audit: type=1400 audit(1590315340.378:8): apparmor="STATUS" operation="profile_load" profile="unconfined" name="/usr/lib/x86_64-linux-gnu/lightdm/lightdm-guest-session" pid=476 comm="apparmor_parser"
May 24 12:15:40 Shepherd kernel: [    5.155931] audit: type=1400 audit(1590315340.378:9): apparmor="STATUS" operation="profile_load" profile="unconfined" name="/usr/lib/x86_64-linux-gnu/lightdm/lightdm-guest-session//chromium" pid=476 comm="apparmor_parser"
May 24 12:15:40 Shepherd kernel: [    5.156500] audit: type=1400 audit(1590315340.382:10): apparmor="STATUS" operation="profile_load" profile="unconfined" name="/usr/lib/cups/backend/cups-pdf" pid=478 comm="apparmor_parser"
May 24 12:15:41 Shepherd kernel: [    6.416386] Bluetooth: BNEP (Ethernet Emulation) ver 1.3
May 24 12:15:41 Shepherd kernel: [    6.416389] Bluetooth: BNEP filters: protocol multicast
May 24 12:15:41 Shepherd kernel: [    6.416395] Bluetooth: BNEP socket layer initialized
May 24 12:15:42 Shepherd kernel: [    7.071197] IPv6: ADDRCONF(NETDEV_UP): wlp1s0: link is not ready
May 24 12:15:42 Shepherd kernel: [    7.186688] IPv6: ADDRCONF(NETDEV_UP): wlp1s0: link is not ready
May 24 12:15:42 Shepherd kernel: [    7.316322] IPv6: ADDRCONF(NETDEV_UP): wlp1s0: link is not ready
May 24 12:15:42 Shepherd kernel: [    7.488868] IPv6: ADDRCONF(NETDEV_UP): wlp1s0: link is not ready
May 24 12:15:46 Shepherd kernel: [   10.914596] IPv6: ADDRCONF(NETDEV_UP): wlp1s0: link is not ready
May 24 12:15:47 Shepherd kernel: [   11.862578] wlp1s0: authenticate with 80:8c:97:94:0c:34
May 24 12:15:47 Shepherd kernel: [   11.868722] wlp1s0: send auth to 80:8c:97:94:0c:34 (try 1/3)
May 24 12:15:47 Shepherd kernel: [   11.871664] wlp1s0: authenticated
May 24 12:15:47 Shepherd kernel: [   11.876008] wlp1s0: associate with 80:8c:97:94:0c:34 (try 1/3)
May 24 12:15:47 Shepherd kernel: [   11.880233] wlp1s0: RX AssocResp from 80:8c:97:94:0c:34 (capab=0x411 status=0 aid=3)
May 24 12:15:47 Shepherd kernel: [   11.882810] wlp1s0: associated
May 24 12:15:47 Shepherd kernel: [   11.954894] IPv6: ADDRCONF(NETDEV_CHANGE): wlp1s0: link becomes ready
May 24 12:16:02 Shepherd kernel: [   27.012325] acer_wmi: Unknown function number - 2 - 98
May 24 20:52:19 Shepherd kernel: [    0.000000] Linux version 4.19.0-9-amd64 (debian-kernel@lists.debian.org) (gcc version 8.3.0 (Debian 8.3.0-6)) #1 SMP Debian 4.19.118-2 (2020-04-29)
May 24 20:52:19 Shepherd kernel: [    0.000000] Command line: BOOT_IMAGE=/boot/vmlinuz-4.19.0-9-amd64 root=UUID=373fafda-db57-4e89-b1f5-11382893ecf9 ro quiet
May 24 20:52:19 Shepherd kernel: [    0.000000] x86/fpu: Supporting XSAVE feature 0x001: 'x87 floating point registers'
May 24 20:52:19 Shepherd kernel: [    0.000000] x86/fpu: Supporting XSAVE feature 0x002: 'SSE registers'
May 24 20:52:19 Shepherd kernel: [    0.000000] x86/fpu: Supporting XSAVE feature 0x008: 'MPX bounds registers'
May 24 20:52:19 Shepherd kernel: [    0.000000] x86/fpu: Supporting XSAVE feature 0x010: 'MPX CSR'
May 24 20:52:19 Shepherd kernel: [    0.000000] x86/fpu: xstate_offset[3]:  576, xstate_sizes[3]:   64
May 24 20:52:19 Shepherd kernel: [    0.000000] x86/fpu: xstate_offset[4]:  640, xstate_sizes[4]:   64
May 24 20:52:19 Shepherd kernel: [    0.000000] x86/fpu: Enabled xstate features 0x1b, context size is 704 bytes, using 'compacted' format.
May 24 20:52:19 Shepherd kernel: [    0.000000] BIOS-provided physical RAM map:
May 24 20:52:19 Shepherd kernel: [    0.000000] BIOS-e820: [mem 0x0000000000000000-0x0000000000057fff] usable
May 24 20:52:19 Shepherd kernel: [    0.000000] BIOS-e820: [mem 0x0000000000058000-0x0000000000058fff] reserved
May 24 20:52:19 Shepherd kernel: [    0.000000] BIOS-e820: [mem 0x0000000000059000-0x000000000009dfff] usable
May 24 20:52:19 Shepherd kernel: [    0.000000] BIOS-e820: [mem 0x000000000009e000-0x00000000000fffff] reserved
May 24 20:52:19 Shepherd kernel: [    0.000000] BIOS-e820: [mem 0x0000000000100000-0x000000007192afff] usable
May 24 20:52:19 Shepherd kernel: [    0.000000] BIOS-e820: [mem 0x000000007192b000-0x000000007192bfff] ACPI NVS
May 24 20:52:19 Shepherd kernel: [    0.000000] BIOS-e820: [mem 0x000000007192c000-0x000000007192cfff] reserved
May 24 20:52:19 Shepherd kernel: [    0.000000] BIOS-e820: [mem 0x000000007192d000-0x0000000073387fff] usable
May 24 20:52:19 Shepherd kernel: [    0.000000] BIOS-e820: [mem 0x0000000073388000-0x0000000073c87fff] reserved
May 24 20:52:19 Shepherd kernel: [    0.000000] BIOS-e820: [mem 0x0000000073c88000-0x0000000089e9dfff] usable
May 24 20:52:19 Shepherd kernel: [    0.000000] BIOS-e820: [mem 0x0000000089e9e000-0x000000008a09dfff] type 20
May 24 20:52:19 Shepherd kernel: [    0.000000] BIOS-e820: [mem 0x000000008a09e000-0x000000008a88dfff] reserved
May 24 20:52:19 Shepherd kernel: [    0.000000] BIOS-e820: [mem 0x000000008a88e000-0x000000008af7dfff] ACPI NVS
May 24 20:52:19 Shepherd kernel: [    0.000000] BIOS-e820: [mem 0x000000008af7e000-0x000000008affdfff] ACPI data
May 24 20:52:19 Shepherd kernel: [    0.000000] BIOS-e820: [mem 0x000000008affe000-0x000000008affefff] usable
May 24 20:52:19 Shepherd kernel: [    0.000000] BIOS-e820: [mem 0x000000008afff000-0x000000008fffffff] reserved
May 24 20:52:19 Shepherd kernel: [    0.000000] BIOS-e820: [mem 0x00000000e0000000-0x00000000efffffff] reserved
May 24 20:52:19 Shepherd kernel: [    0.000000] BIOS-e820: [mem 0x00000000fd000000-0x00000000fe7fffff] reserved
May 24 20:52:19 Shepherd kernel: [    0.000000] BIOS-e820: [mem 0x00000000fec00000-0x00000000fec00fff] reserved
May 24 20:52:19 Shepherd kernel: [    0.000000] BIOS-e820: [mem 0x00000000fed00000-0x00000000fed00fff] reserved
May 24 20:52:19 Shepherd kernel: [    0.000000] BIOS-e820: [mem 0x00000000fed10000-0x00000000fed19fff] reserved
May 24 20:52:19 Shepherd kernel: [    0.000000] BIOS-e820: [mem 0x00000000fed84000-0x00000000fed84fff] reserved
May 24 20:52:19 Shepherd kernel: [    0.000000] BIOS-e820: [mem 0x00000000fee00000-0x00000000fee00fff] reserved
May 24 20:52:19 Shepherd kernel: [    0.000000] BIOS-e820: [mem 0x00000000ffa00000-0x00000000ffffffff] reserved
May 24 20:52:19 Shepherd kernel: [    0.000000] BIOS-e820: [mem 0x0000000100000000-0x000000016effffff] usable
May 24 20:52:19 Shepherd kernel: [    0.000000] NX (Execute Disable) protection: active
May 24 20:52:19 Shepherd kernel: [    0.000000] efi: EFI v2.50 by INSYDE Corp.
May 24 20:52:19 Shepherd kernel: [    0.000000] efi:  ACPI 2.0=0x8affd014  SMBIOS=0x8a112000  SMBIOS 3.0=0x8a110000  ESRT=0x8a10e0d8  MEMATTR=0x7ad8b018 
May 24 20:52:19 Shepherd kernel: [    0.000000] secureboot: Secure boot could not be determined (mode 0)
May 24 20:52:19 Shepherd kernel: [    0.000000] SMBIOS 3.0.0 present.
May 24 20:52:19 Shepherd kernel: [    0.000000] DMI: Acer Swift SF314-52/Suntory_KL, BIOS V1.08 11/28/2017
May 24 20:52:19 Shepherd kernel: [    0.000000] tsc: Detected 2300.000 MHz processor
May 24 20:52:19 Shepherd kernel: [    0.001927] tsc: Detected 2304.000 MHz TSC
May 24 20:52:19 Shepherd kernel: [    0.001927] e820: update [mem 0x00000000-0x00000fff] usable ==> reserved
May 24 20:52:19 Shepherd kernel: [    0.001928] e820: remove [mem 0x000a0000-0x000fffff] usable
May 24 20:52:19 Shepherd kernel: [    0.001938] last_pfn = 0x16f000 max_arch_pfn = 0x400000000
May 24 20:52:19 Shepherd kernel: [    0.001943] MTRR default type: write-back
May 24 20:52:19 Shepherd kernel: [    0.001943] MTRR fixed ranges enabled:
May 24 20:52:19 Shepherd kernel: [    0.001944]   00000-9FFFF write-back
May 24 20:52:19 Shepherd kernel: [    0.001945]   A0000-BFFFF uncachable
May 24 20:52:19 Shepherd kernel: [    0.001946]   C0000-FFFFF write-protect
May 24 20:52:19 Shepherd kernel: [    0.001947] MTRR variable ranges enabled:
May 24 20:52:19 Shepherd kernel: [    0.001948]   0 base 00C0000000 mask 7FC0000000 uncachable
May 24 20:52:19 Shepherd kernel: [    0.001949]   1 base 00A0000000 mask 7FE0000000 uncachable
May 24 20:52:19 Shepherd kernel: [    0.001950]   2 base 0090000000 mask 7FF0000000 uncachable
May 24 20:52:19 Shepherd kernel: [    0.001951]   3 base 008C000000 mask 7FFC000000 uncachable
May 24 20:52:19 Shepherd kernel: [    0.001952]   4 base 008B800000 mask 7FFF800000 uncachable
May 24 20:52:19 Shepherd kernel: [    0.001952]   5 disabled
May 24 20:52:19 Shepherd kernel: [    0.001953]   6 disabled
May 24 20:52:19 Shepherd kernel: [    0.001953]   7 disabled
May 24 20:52:19 Shepherd kernel: [    0.001953]   8 disabled
May 24 20:52:19 Shepherd kernel: [    0.001954]   9 disabled
May 24 20:52:19 Shepherd kernel: [    0.002888] x86/PAT: Configuration [0-7]: WB  WC  UC- UC  WB  WP  UC- WT  
May 24 20:52:19 Shepherd kernel: [    0.003072] last_pfn = 0x8afff max_arch_pfn = 0x400000000
May 24 20:52:19 Shepherd kernel: [    0.018818] esrt: Reserving ESRT space from 0x000000008a10e0d8 to 0x000000008a10e188.
May 24 20:52:19 Shepherd kernel: [    0.018826] Using GB pages for direct mapping
May 24 20:52:19 Shepherd kernel: [    0.018827] BRK [0x29e01000, 0x29e01fff] PGTABLE
May 24 20:52:19 Shepherd kernel: [    0.018829] BRK [0x29e02000, 0x29e02fff] PGTABLE
May 24 20:52:19 Shepherd kernel: [    0.018830] BRK [0x29e03000, 0x29e03fff] PGTABLE
May 24 20:52:19 Shepherd kernel: [    0.018857] BRK [0x29e04000, 0x29e04fff] PGTABLE
May 24 20:52:19 Shepherd kernel: [    0.018859] BRK [0x29e05000, 0x29e05fff] PGTABLE
May 24 20:52:19 Shepherd kernel: [    0.019048] BRK [0x29e06000, 0x29e06fff] PGTABLE
May 24 20:52:19 Shepherd kernel: [    0.019075] BRK [0x29e07000, 0x29e07fff] PGTABLE
May 24 20:52:19 Shepherd kernel: [    0.019095] BRK [0x29e08000, 0x29e08fff] PGTABLE
May 24 20:52:19 Shepherd kernel: [    0.019138] BRK [0x29e09000, 0x29e09fff] PGTABLE
May 24 20:52:19 Shepherd kernel: [    0.019205] BRK [0x29e0a000, 0x29e0afff] PGTABLE
May 24 20:52:19 Shepherd kernel: [    0.019262] RAMDISK: [mem 0x33b17000-0x35d82fff]
May 24 20:52:19 Shepherd kernel: [    0.019272] ACPI: Early table checksum verification disabled
May 24 20:52:19 Shepherd kernel: [    0.019275] ACPI: RSDP 0x000000008AFFD014 000024 (v02 ACRSYS)
May 24 20:52:19 Shepherd kernel: [    0.019278] ACPI: XSDT 0x000000008AFB7188 0000EC (v01 ACRSYS ACRPRDCT 00000000      01000013)
May 24 20:52:19 Shepherd kernel: [    0.019284] ACPI: FACP 0x000000008AFE8000 00010C (v05 ACRSYS ACRPRDCT 00000000 1025 00040000)
May 24 20:52:19 Shepherd kernel: [    0.019289] ACPI: DSDT 0x000000008AFBB000 0285BE (v02 ACRSYS ACRPRDCT 00000000 1025 00040000)
May 24 20:52:19 Shepherd kernel: [    0.019292] ACPI: FACS 0x000000008AF50000 000040
May 24 20:52:19 Shepherd kernel: [    0.019294] ACPI: UEFI 0x000000008AFFC000 000236 (v01 ACRSYS ACRPRDCT 00000001 1025 00040000)
May 24 20:52:19 Shepherd kernel: [    0.019296] ACPI: UEFI 0x000000008AFFB000 000042 (v01 ACRSYS ACRPRDCT 00000002 1025 00040000)
May 24 20:52:19 Shepherd kernel: [    0.019299] ACPI: SSDT 0x000000008AFF5000 005535 (v01 ACRSYS ACRPRDCT 00001000 1025 00040000)
May 24 20:52:19 Shepherd kernel: [    0.019302] ACPI: MSDM 0x000000008AFF4000 000055 (v03 ACRSYS ACRPRDCT 00000001 1025 00040000)
May 24 20:52:19 Shepherd kernel: [    0.019304] ACPI: SSDT 0x000000008AFF3000 0004C3 (v02 ACRSYS ACRPRDCT 00001000 1025 00040000)
May 24 20:52:19 Shepherd kernel: [    0.019306] ACPI: SSDT 0x000000008AFF2000 000046 (v02 ACRSYS ACRPRDCT 00003000 1025 00040000)
May 24 20:52:19 Shepherd kernel: [    0.019309] ACPI: TPM2 0x000000008AFF1000 000034 (v03 ACRSYS ACRPRDCT 00000000 1025 00040000)
May 24 20:52:19 Shepherd kernel: [    0.019311] ACPI: ECDT 0x000000008AFF0000 0000C1 (v01 ACRSYS ACRPRDCT 00000001 1025 00040000)
May 24 20:52:19 Shepherd kernel: [    0.019313] ACPI: SSDT 0x000000008AFEC000 003101 (v02 ACRSYS ACRPRDCT 00003000 1025 00040000)
May 24 20:52:19 Shepherd kernel: [    0.019316] ACPI: SSDT 0x000000008AFEB000 00081E (v02 ACRSYS ACRPRDCT 00000000 1025 00040000)
May 24 20:52:19 Shepherd kernel: [    0.019318] ACPI: ASPT 0x000000008AFEA000 000034 (v07 ACRSYS ACRPRDCT 00000001 1025 00040000)
May 24 20:52:19 Shepherd kernel: [    0.019321] ACPI: BOOT 0x000000008AFE9000 000028 (v01 ACRSYS ACRPRDCT 00000001 1025 00040000)
May 24 20:52:19 Shepherd kernel: [    0.019323] ACPI: HPET 0x000000008AFE7000 000038 (v01 ACRSYS ACRPRDCT 00000001 1025 00040000)
May 24 20:52:19 Shepherd kernel: [    0.019325] ACPI: APIC 0x000000008AFE6000 0000BC (v03 ACRSYS ACRPRDCT 00000001 1025 00040000)
May 24 20:52:19 Shepherd kernel: [    0.019328] ACPI: MCFG 0x000000008AFE5000 00003C (v01 ACRSYS ACRPRDCT 00000001 1025 00040000)
May 24 20:52:19 Shepherd kernel: [    0.019330] ACPI: SSDT 0x000000008AFBA000 000517 (v02 ACRSYS ACRPRDCT 00000000 1025 00040000)
May 24 20:52:19 Shepherd kernel: [    0.019333] ACPI: DBGP 0x000000008AFB9000 000034 (v01 ACRSYS ACRPRDCT 00000002 1025 00040000)
May 24 20:52:19 Shepherd kernel: [    0.019335] ACPI: DBG2 0x000000008AFB8000 000054 (v00 ACRSYS ACRPRDCT 00000002 1025 00040000)
May 24 20:52:19 Shepherd kernel: [    0.019337] ACPI: SSDT 0x000000008AFB5000 0010B0 (v02 ACRSYS ACRPRDCT 00001000 1025 00040000)
May 24 20:52:19 Shepherd kernel: [    0.019340] ACPI: SSDT 0x000000008AFB4000 000EDE (v02 ACRSYS ACRPRDCT 00003000 1025 00040000)
May 24 20:52:19 Shepherd kernel: [    0.019342] ACPI: DMAR 0x000000008AFE4000 0000F0 (v01 ACRSYS ACRPRDCT 00000001 1025 00040000)
May 24 20:52:19 Shepherd kernel: [    0.019344] ACPI: NHLT 0x000000008AFB3000 00002D (v00 ACRSYS ACRPRDCT 00000002 1025 00040000)
May 24 20:52:19 Shepherd kernel: [    0.019347] ACPI: FPDT 0x000000008AFB1000 000044 (v01 ACRSYS ACRPRDCT 00000002 1025 00040000)
May 24 20:52:19 Shepherd kernel: [    0.019349] ACPI: BGRT 0x000000008AFB2000 000038 (v01 ACRSYS ACRPRDCT 00000001 1025 00040000)
May 24 20:52:19 Shepherd kernel: [    0.019357] ACPI: Local APIC address 0xfee00000
May 24 20:52:19 Shepherd kernel: [    0.019554] No NUMA configuration found
May 24 20:52:19 Shepherd kernel: [    0.019555] Faking a node at [mem 0x0000000000000000-0x000000016effffff]
May 24 20:52:19 Shepherd kernel: [    0.019559] NODE_DATA(0) allocated [mem 0x16eff9000-0x16effdfff]
May 24 20:52:19 Shepherd kernel: [    0.019581] Zone ranges:
May 24 20:52:19 Shepherd kernel: [    0.019582]   DMA      [mem 0x0000000000001000-0x0000000000ffffff]
May 24 20:52:19 Shepherd kernel: [    0.019583]   DMA32    [mem 0x0000000001000000-0x00000000ffffffff]
May 24 20:52:19 Shepherd kernel: [    0.019584]   Normal   [mem 0x0000000100000000-0x000000016effffff]
May 24 20:52:19 Shepherd kernel: [    0.019585]   Device   empty
May 24 20:52:19 Shepherd kernel: [    0.019586] Movable zone start for each node
May 24 20:52:19 Shepherd kernel: [    0.019587] Early memory node ranges
May 24 20:52:19 Shepherd kernel: [    0.019588]   node   0: [mem 0x0000000000001000-0x0000000000057fff]
May 24 20:52:19 Shepherd kernel: [    0.019588]   node   0: [mem 0x0000000000059000-0x000000000009dfff]
May 24 20:52:19 Shepherd kernel: [    0.019589]   node   0: [mem 0x0000000000100000-0x000000007192afff]
May 24 20:52:19 Shepherd kernel: [    0.019590]   node   0: [mem 0x000000007192d000-0x0000000073387fff]
May 24 20:52:19 Shepherd kernel: [    0.019590]   node   0: [mem 0x0000000073c88000-0x0000000089e9dfff]
May 24 20:52:19 Shepherd kernel: [    0.019591]   node   0: [mem 0x000000008affe000-0x000000008affefff]
May 24 20:52:19 Shepherd kernel: [    0.019591]   node   0: [mem 0x0000000100000000-0x000000016effffff]
May 24 20:52:19 Shepherd kernel: [    0.020139] Zeroed struct page in unavailable ranges: 31431 pages
May 24 20:52:19 Shepherd kernel: [    0.020140] Initmem setup node 0 [mem 0x0000000000001000-0x000000016effffff]
May 24 20:52:19 Shepherd kernel: [    0.020142] On node 0 totalpages: 1017145
May 24 20:52:19 Shepherd kernel: [    0.020143]   DMA zone: 64 pages used for memmap
May 24 20:52:19 Shepherd kernel: [    0.020143]   DMA zone: 22 pages reserved
May 24 20:52:19 Shepherd kernel: [    0.020144]   DMA zone: 3996 pages, LIFO batch:0
May 24 20:52:19 Shepherd kernel: [    0.020241]   DMA32 zone: 8727 pages used for memmap
May 24 20:52:19 Shepherd kernel: [    0.020241]   DMA32 zone: 558493 pages, LIFO batch:63
May 24 20:52:19 Shepherd kernel: [    0.035718]   Normal zone: 7104 pages used for memmap
May 24 20:52:19 Shepherd kernel: [    0.035719]   Normal zone: 454656 pages, LIFO batch:63
May 24 20:52:19 Shepherd kernel: [    0.046458] Reserving Intel graphics memory at [mem 0x8c000000-0x8fffffff]
May 24 20:52:19 Shepherd kernel: [    0.046873] ACPI: PM-Timer IO Port: 0x1808
May 24 20:52:19 Shepherd kernel: [    0.046875] ACPI: Local APIC address 0xfee00000
May 24 20:52:19 Shepherd kernel: [    0.046881] ACPI: LAPIC_NMI (acpi_id[0x01] high edge lint[0x1])
May 24 20:52:19 Shepherd kernel: [    0.046882] ACPI: LAPIC_NMI (acpi_id[0x02] high edge lint[0x1])
May 24 20:52:19 Shepherd kernel: [    0.046882] ACPI: LAPIC_NMI (acpi_id[0x03] high edge lint[0x1])
May 24 20:52:19 Shepherd kernel: [    0.046883] ACPI: LAPIC_NMI (acpi_id[0x04] high edge lint[0x1])
May 24 20:52:19 Shepherd kernel: [    0.046883] ACPI: LAPIC_NMI (acpi_id[0x05] high edge lint[0x1])
May 24 20:52:19 Shepherd kernel: [    0.046884] ACPI: LAPIC_NMI (acpi_id[0x06] high edge lint[0x1])
May 24 20:52:19 Shepherd kernel: [    0.046884] ACPI: LAPIC_NMI (acpi_id[0x07] high edge lint[0x1])
